[Licensing::Module] Trying to connect to existing licensing client channel...
Built from '6000.5/staging' branch; Version is '6000.5.7f1 (017862109af0) revision 96354'; Using compiler version '194234433'; Build Type 'Release'
OS: 'Windows 11  (10.0.26200) Professional' Language: 'en' Physical Memory: 15681 MB
[Licensing::IpcConnector] Successfully connected to: "LicenseClient-elli0" at "2026-08-11T07:52:51.1726221Z"
BatchMode: 1, IsHumanControllingUs: 0, StartBugReporterOnCrash: 0, Is64bit: 1
System  architecture: x64
Process architecture: x64
Date: 2026-08-11T07:52:51Z

COMMAND LINE ARGUMENTS:
C:\Program Files\Unity\Hub\Editor\6000.5.7f1\Editor\Unity.exe
-adb2
-batchMode
-noUpm
-name
AssetImportWorkerHW0
-projectPath
C:/Users/elli0/Documents/GitHub/Multiplayer
-logFile
Logs/AssetImportWorkerHW0.log
-srvPort
56735
-parentPid
33796
-analyticsCloudUserId
anonymous
-analyticsCloudProjectId
850f50a1-7776-48ba-9d96-564e37f3acd9
-analyticsLocalProjectId
c906cf14c5cdf1c4c98a018ddbb3d1d4
-editorAnalyticsEnabled
1
-cbmEditorLicense
b7554ef441d2256055a9bf018eca10ed8b75e9f3
-cbmMachineId
JOUP1U45KtUV8sm1s/K3HmNb45Q=
-licensingIpc
LicenseClient-elli0
-noDiagnosticSwitchPersistentStore
-job-worker-count
5
-background-job-worker-count
8
-asset-garbage-collectors
1
-force-d3d12
-name
AssetImport
Successfully changed project path to: C:/Users/elli0/Documents/GitHub/Multiplayer
C:/Users/elli0/Documents/GitHub/Multiplayer
[UnityMemory] Configuration Parameters - Can be set up in boot.config
    "memorysetup-temp-allocator-size-gi-baking-worker=262144"
    "memorysetup-temp-allocator-size-gi-baking-worker=262144"
    "memorysetup-temp-allocator-size-gi-baking-worker=262144"
    "memorysetup-temp-allocator-size-gi-baking-worker=262144"
    "memorysetup-temp-allocator-size-gi-baking-worker=262144"
    "memorysetup-temp-allocator-size-nav-mesh-worker=65536"
    "memorysetup-temp-allocator-size-audio-worker=65536"
    "memorysetup-temp-allocator-size-cloud-worker=32768"
    "memorysetup-temp-allocator-size-gfx=262144"
    "memorysetup-temp-allocator-size-preload-manager=33554432"
    "memorysetup-allocator-temp-initial-block-size-main=262144"
    "memorysetup-allocator-temp-initial-block-size-worker=262144"
    "memorysetup-temp-allocator-size-job-worker=262144"
    "memorysetup-temp-allocator-size-background-worker=32768"
    "memorysetup-bucket-allocator-granularity=16"
    "memorysetup-bucket-allocator-bucket-count=8"
    "memorysetup-bucket-allocator-block-size=33554432"
    "memorysetup-bucket-allocator-block-count=8"
    "memorysetup-main-allocator-block-size=16777216"
    "memorysetup-thread-allocator-block-size=16777216"
    "memorysetup-main-allocator-mimalloc-enabled=0"
    "memorysetup-gfx-main-allocator-block-size=16777216"
    "memorysetup-gfx-thread-allocator-block-size=16777216"
    "memorysetup-cache-allocator-block-size=4194304"
    "memorysetup-typetree-allocator-block-size=2097152"
    "memorysetup-profiler-bucket-allocator-granularity=16"
    "memorysetup-profiler-bucket-allocator-bucket-count=8"
    "memorysetup-profiler-bucket-allocator-block-size=33554432"
    "memorysetup-profiler-bucket-allocator-block-count=8"
    "memorysetup-profiler-allocator-block-size=16777216"
    "memorysetup-profiler-editor-allocator-block-size=1048576"
    "memorysetup-temp-allocator-size-main=16777216"
    "memorysetup-job-temp-allocator-block-size=2097152"
    "memorysetup-job-temp-allocator-block-size-background=1048576"
    "memorysetup-job-temp-allocator-reduction-small-platforms=262144"
Player connection [38156]  Target information:

Player connection [38156]  * "[IP] 192.168.1.228 [Port] 0 [Flags] 2 [Guid] 4081480848 [EditorId] 4081480848 [Version] 1048832 [Id] WindowsEditor(7,Elliot_Laptop) [Debug] 1 [PackageName] WindowsEditor [ProjectName] Editor" 

Player connection [38156] Host joined multi-casting on [225.0.0.222:54997]...
Player connection [38156] Host joined alternative multi-casting on [225.0.0.222:34997]...
JobSystem: Creating JobQueue using job-worker-count value 5
Input System module state changed to: Initialized.
[Physics::Module] Initialized fallback backend.
[Physics::Module] Id: 0xdecafbad
Library Redirect Path: Library/
[Physics::Module] Selected backend.
[Physics::Module] Name: PhysX
[Physics::Module] Id: 0xf2b8ea05
[Physics::Module] SDK Version: 4.1.2
[Physics::Module] Integration Version: 1.0.0
[Physics::Module] Threading Mode: Multi-Threaded
Active build profile path: `Assets/Settings/Build Profiles/Windows.asset`
Got setting from build profile YAML, name `m_BuildTarget`, value `19`
Got setting from build profile YAML, name `m_Subtarget`, value `2`
Refreshing native plugins compatible for Editor in 10.11 ms, found 3 plugins.
Initialize engine version: 6000.5.7f1 (017862109af0)
[Subsystems] Discovering subsystems at path C:/Program Files/Unity/Hub/Editor/6000.5.7f1/Editor/Data/Resources/UnitySubsystems
[Subsystems] Discovering subsystems at path C:/Users/elli0/Documents/GitHub/Multiplayer/Assets
Forcing GfxDevice: Direct3D 12
GfxDevice: creating device client; kGfxThreadingModeNonThreaded
d3d12: failed to query info queue interface (0x80004002).
Direct3D:
    Version:         Direct3D 12 [level 12.1]
    Renderer:        AMD Radeon (TM) Graphics (ID=0x15e7)
    Vendor:          ATI
    VRAM:            7840 MB
    App VRAM Budget: 7663 MB
    Driver:          31.0.21923.3003
    Unified Memory Architecture
Initialize mono
Mono path[0] = 'C:/Program Files/Unity/Hub/Editor/6000.5.7f1/Editor/Data/Managed'
Mono path[1] = 'C:/Program Files/Unity/Hub/Editor/6000.5.7f1/Editor/Data/BCLExtensions/runtime/netstandard2.1'
Mono path[2] = 'C:/Program Files/Unity/Hub/Editor/6000.5.7f1/Editor/Data/MonoBleedingEdge/lib/mono/unityjit-win32'
Mono config path = 'C:/Program Files/Unity/Hub/Editor/6000.5.7f1/Editor/Data/MonoBleedingEdge/etc'
Using monoOptions --debugger-agent=transport=dt_socket,embedding=1,server=y,suspend=n,address=127.0.0.1:56888
CodeReloadManager initialized
Begin MonoManager ReloadAssembly
Registering precompiled unity dll's ...
Register platform support module: C:/Program Files/Unity/Hub/Editor/6000.5.7f1/Editor/Data/PlaybackEngines/WebGLSupport/UnityEditor.WebGL.Extensions.dll
Register platform support module: C:/Program Files/Unity/Hub/Editor/6000.5.7f1/Editor/Data/PlaybackEngines/WindowsStandaloneSupport/UnityEditor.WindowsStandalone.Extensions.dll
Registered in 0.007902 seconds.
[Licensing::Client] Error: HandshakeResponse reported an error:
	ResponseCode: 505
	ResponseStatus: Unsupported protocol version '1.18.1'.
[Licensing::Module] Error: Failed to handshake to channel: "LicenseClient-elli0"
[Licensing::IpcConnector] LicenseClient-elli0 channel disconnected successfully.
[Licensing::IpcConnector] Successfully connected to: "LicenseClient-elli0-6000.5.7" at "2026-08-11T07:52:54.0247677Z"
[Licensing::Client] Code 10 while verifying Licensing Client signature (process Id: 22884, path: "C:/Program Files/Unity/Hub/Editor/6000.5.7f1/Editor/Data/Resources/Licensing/Client/Unity.Licensing.Client.exe")
[Licensing::Module] LicensingClient has failed validation; ignoring
[Licensing::Client] Handshaking with LicensingClient:
  Version:                 1.18.1+9fbee8e
  Session Id:              7651b85dd0b64246960352c5d026c632
  Correlation Id:          e032e6c087e8bc94347b859cc670ff3d
  External correlation Id: 6890459699957153601
  Machine Id:              JOUP1U45KtUV8sm1s/K3HmNb45Q=
[Licensing::Module] Successfully connected to LicensingClient on channel: "LicenseClient-elli0-6000.5.7" (connect: 0.00s, validation: 0.00s, handshake: 0.01s)
[Licensing::IpcConnector] Successfully connected to: "LicenseClient-elli0-6000.5.7-notifications" at "2026-08-11T07:52:54.0440007Z"
[Licensing::Module] Licensing Background thread has ended after 2.87s
Native extension for WindowsStandalone target not found
Native extension for WebGL target not found
Package Manager log level set to [2]
[Package Manager] Failed to launch server process. Reason: Unity was launched with the -noUpm command-line argument
[Package Manager] Unable to send message (not connected to server process).
[Package Manager] Cannot connect to Unity Package Manager local server
ScheduleIndexationOnStartup MainProcess:False IndexOnStartup:True
Mono: successfully reloaded assembly
- Finished resetting the current domain, in  1.228 seconds
Domain Reload Profiling: 2743ms
	BeginReloadAssembly (350ms)
	RebuildCommonClasses (13ms)
	RebuildNativeTypeToScriptingClass (38ms)
	initialDomainReloadingComplete (198ms)
	LoadAllAssembliesAndSetupDomain (911ms)
		LoadAssemblies (333ms)
		AnalyzeDomain (600ms)
			TypeCache.Refresh (597ms)
				TypeCache.ScanAssembly (552ms)
	FinalizeReload (1233ms)
		SetupLoadedEditorAssemblies (0ms)
			InitializePlatformSupportModulesInManaged (7ms)
			BeforeProcessingInitializeOnLoad (364ms)
			ProcessInitializeOnLoadAttributes (279ms)
			ProcessInitializeOnLoadMethodAttributes (297ms)
Initializing Unity extensions:
[Licensing::Client] Successfully resolved entitlement details
[Licensing::Module] License group:
  Id: 5774099461094-UnityPersXXXX
  Product: Unity Personal
  Type: Assigned
  Expiration: Unlimited
========================================================================
Worker process is ready to serve import requests
Import Worker Mode flag is 0x00
Got setting from build profile YAML, name `m_Development`, value `0`
Begin MonoManager ReloadAssembly
Symbol file LoadedFromMemory is not a mono symbol file
Refreshing native plugins compatible for Editor in 6.06 ms, found 3 plugins.
Native extension for WindowsStandalone target not found
Native extension for WebGL target not found
[Package Manager] Failed to launch server process. Reason: Unity was launched with the -noUpm command-line argument
[Package Manager] Unable to send message (not connected to server process).
[Package Manager] Cannot connect to Unity Package Manager local server
Refreshing native plugins compatible for Editor in 6.80 ms, found 3 plugins.
ScheduleIndexationOnStartup MainProcess:False IndexOnStartup:True
Mono: successfully reloaded assembly
- Finished resetting the current domain, in  2.011 seconds
Domain Reload Profiling: 3988ms
	BeginReloadAssembly (534ms)
		DisableScriptedObjects (73ms)
		CreateAndSetChildDomain (63ms)
	RebuildCommonClasses (19ms)
	RebuildNativeTypeToScriptingClass (37ms)
	initialDomainReloadingComplete (227ms)
	LoadAllAssembliesAndSetupDomain (1155ms)
		LoadAssemblies (723ms)
		AnalyzeDomain (429ms)
			TypeCache.Refresh (320ms)
				TypeCache.ScanAssembly (288ms)
			BuildScriptInfoCaches (99ms)
			ResolveRequiredComponents (4ms)
	FinalizeReload (2015ms)
		SetupLoadedEditorAssemblies (0ms)
			InitializePlatformSupportModulesInManaged (5ms)
			BeforeProcessingInitializeOnLoad (246ms)
			ProcessInitializeOnLoadAttributes (631ms)
			ProcessInitializeOnLoadMethodAttributes (589ms)
			AfterProcessingInitializeOnLoad (15ms)
		AwakeInstancesAfterBackupRestoration (39ms)
AcceleratorClientConnectionCallback - disconnected - :0
Launched and connected shader compiler UnityShaderCompiler.exe after 0.04 seconds
Refreshing native plugins compatible for Editor in 12.63 ms, found 3 plugins.
Unloading 0 Unused Serialized files (Serialized files now loaded: 0)
Curl error 3: URL rejected: Malformed input to a URL function
Unloading 4228 unused Assets / (2.5 MB). Loaded Objects now: 4812.
Memory consumption went from 253.3 MB to 250.8 MB.
Total: 22.482000 ms (FindLiveObjects: 1.108500 ms CreateObjectMapping: 3.894600 ms MarkObjects: 13.108900 ms  DeleteObjects: 4.363900 ms)

========================================================================
Received Prepare
AcceleratorClientConnectionCallback - disconnected - :0
Refreshing native plugins compatible for Editor in 15.24 ms, found 3 plugins.
Unloading 0 Unused Serialized files (Serialized files now loaded: 0)
Unloading 0 unused Assets / (0 B). Loaded Objects now: 4812.
Memory consumption went from 246.7 MB to 246.7 MB.
Total: 16.406100 ms (FindLiveObjects: 0.636900 ms CreateObjectMapping: 1.367000 ms MarkObjects: 14.377500 ms  DeleteObjects: 0.022000 ms)

Prepare: number of updated asset objects reloaded= 0
========================================================================
Received Import Request.
  Time of request: 2026-08-11T07:53:01.0750295Z
  Time since last request: 333495.33700780000072 seconds.
  importAddress: GUID: 98eb679c31f12344eab9427f275df24f - Path: Assets/Resources/WarboardV54Terrain/v54_floor_stone_a.png - Importer: ScriptedImporter/UnityEditor.QuickSearchModule:UnityEditor.Search:ASIAI0B
Importing 'GUID: 98eb679c31f12344eab9427f275df24f - Path: Assets/Resources/WarboardV54Terrain/v54_floor_stone_a.png - Importer: ScriptedImporter/UnityEditor.QuickSearchModule:UnityEditor.Search:ASIAI0B' with importer (ScriptedImporter : UnityEditor.QuickSearchModule:UnityEditor.Search:ASIAI0B)
Imported 'GUID: 98eb679c31f12344eab9427f275df24f' -> (Import Result ID: '5323b90437d5f358893b1893c7b78fec') in 0.359 seconds [static and dynamic dependencies]. Details - ImportResultOutputID=519c4bd33d979079dc403d46726ce437 DependenciesID=79a49eae9b47112a0c0046f0f016060d StaticDependenciesID=997ca72fe933c879b823cb465ea2c54d 
Number of updated asset objects reloaded before import = 0
Number of asset objects unloaded after import = 1
========================================================================
Received Import Request.
  Time of request: 2026-08-11T07:53:01.4393492Z
  Time since last request: 0.0008863 seconds.
  importAddress: GUID: 8ea9b03f30ec72b48a0dbbbc5204de8e - Path: Assets/Resources/WarboardV54Terrain/v54_floor_metal_a.png - Importer: ScriptedImporter/UnityEditor.QuickSearchModule:UnityEditor.Search:ASIAI0B
Importing 'GUID: 8ea9b03f30ec72b48a0dbbbc5204de8e - Path: Assets/Resources/WarboardV54Terrain/v54_floor_metal_a.png - Importer: ScriptedImporter/UnityEditor.QuickSearchModule:UnityEditor.Search:ASIAI0B' with importer (ScriptedImporter : UnityEditor.QuickSearchModule:UnityEditor.Search:ASIAI0B)
Imported 'GUID: 8ea9b03f30ec72b48a0dbbbc5204de8e' -> (Import Result ID: '14e31be47e7b4238809b0147b427bf05') in 0.018 seconds [static and dynamic dependencies]. Details - ImportResultOutputID=98eacf2f948e5cf0e153ecab2ccb1ee0 DependenciesID=8fe4e8d8683fd713fed106b52ca30189 StaticDependenciesID=f5daccfb5ccf2461a95bc46d9f65f0fb 
Number of updated asset objects reloaded before import = 0
Number of asset objects unloaded after import = 1
========================================================================
Received Import Request.
  Time of request: 2026-08-11T07:53:01.4596897Z
  Time since last request: 0.0008367 seconds.
  importAddress: GUID: ac620b0356086b74b8d0ceb8d5200b3b - Path: Assets/Resources/WarboardV54Terrain - Importer: ScriptedImporter/UnityEditor.QuickSearchModule:UnityEditor.Search:ASIAI0B
Importing 'GUID: ac620b0356086b74b8d0ceb8d5200b3b - Path: Assets/Resources/WarboardV54Terrain - Importer: ScriptedImporter/UnityEditor.QuickSearchModule:UnityEditor.Search:ASIAI0B' with importer (ScriptedImporter : UnityEditor.QuickSearchModule:UnityEditor.Search:ASIAI0B)
Imported 'GUID: ac620b0356086b74b8d0ceb8d5200b3b' -> (Import Result ID: 'd6841a9832d68f388feee000b0ee44e6') in 0.009 seconds [static and dynamic dependencies]. Details - ImportResultOutputID=3626ef284455e92ee2b7ad7a02c21aa3 DependenciesID=ec153bbb6b33778323a9c12bd0dca47c StaticDependenciesID=9987e4e368f918d481261fb3536892d3 
Number of updated asset objects reloaded before import = 0
Number of asset objects unloaded after import = 1
========================================================================
Received Import Request.
  Time of request: 2026-08-11T07:53:01.4698469Z
  Time since last request: 0.0007918 seconds.
  importAddress: GUID: fac812c838e681349b28c39da729a421 - Path: Assets/Resources/WarboardV54Terrain/v54_floor_rust_a.png - Importer: ScriptedImporter/UnityEditor.QuickSearchModule:UnityEditor.Search:ASIAI0B
Importing 'GUID: fac812c838e681349b28c39da729a421 - Path: Assets/Resources/WarboardV54Terrain/v54_floor_rust_a.png - Importer: ScriptedImporter/UnityEditor.QuickSearchModule:UnityEditor.Search:ASIAI0B' with importer (ScriptedImporter : UnityEditor.QuickSearchModule:UnityEditor.Search:ASIAI0B)
Imported 'GUID: fac812c838e681349b28c39da729a421' -> (Import Result ID: '3e63f3726a3840d68390707289b6b187') in 0.022 seconds [static and dynamic dependencies]. Details - ImportResultOutputID=98d9d60d51ba1b93c278c09a2f414741 DependenciesID=e9cf479855d8e77e0f7b28f66de0fd94 StaticDependenciesID=0692eb9c27be6f58ce4848eb9a50e40b 
Number of updated asset objects reloaded before import = 0
Number of asset objects unloaded after import = 1
========================================================================
Received Import Request.
  Time of request: 2026-08-11T07:53:01.4932805Z
  Time since last request: 0.0007857 seconds.
  importAddress: GUID: b2773daa20b96064092d5877193fd552 - Path: Assets/Resources/WarboardV54Terrain/v54_floor_rust_b.png - Importer: ScriptedImporter/UnityEditor.QuickSearchModule:UnityEditor.Search:ASIAI0B
Importing 'GUID: b2773daa20b96064092d5877193fd552 - Path: Assets/Resources/WarboardV54Terrain/v54_floor_rust_b.png - Importer: ScriptedImporter/UnityEditor.QuickSearchModule:UnityEditor.Search:ASIAI0B' with importer (ScriptedImporter : UnityEditor.QuickSearchModule:UnityEditor.Search:ASIAI0B)
Imported 'GUID: b2773daa20b96064092d5877193fd552' -> (Import Result ID: 'b5a3475a7d1b5bb29a4336f966cc2be0') in 0.026 seconds [static and dynamic dependencies]. Details - ImportResultOutputID=96d53a23a8c079a2106c80457dc44f77 DependenciesID=b04067d6f2064110d283931da25721c3 StaticDependenciesID=b72b2a41de1de777fcd689a0755c2c67 
Number of updated asset objects reloaded before import = 0
Number of asset objects unloaded after import = 1
========================================================================
Received Import Request.
  Time of request: 2026-08-11T07:53:01.5210373Z
  Time since last request: 0.0011928 seconds.
  importAddress: GUID: 504d53cd749cf344dad564db6be82ab6 - Path: Assets/Scripts/Core/WarboardV54TerrainOverhaulBootstrap.cs - Importer: ScriptedImporter/UnityEditor.QuickSearchModule:UnityEditor.Search:ASIAI0B
Importing 'GUID: 504d53cd749cf344dad564db6be82ab6 - Path: Assets/Scripts/Core/WarboardV54TerrainOverhaulBootstrap.cs - Importer: ScriptedImporter/UnityEditor.QuickSearchModule:UnityEditor.Search:ASIAI0B' with importer (ScriptedImporter : UnityEditor.QuickSearchModule:UnityEditor.Search:ASIAI0B)
Imported 'GUID: 504d53cd749cf344dad564db6be82ab6' -> (Import Result ID: 'd35c1d8a1cbd9183ee8063bf64c6ef57') in 0.024 seconds [static and dynamic dependencies]. Details - ImportResultOutputID=3776b19cce6579223246a6f866fe0f9a DependenciesID=cc0fe440ad4909cb25307452333076a8 StaticDependenciesID=2969c7a3b5dfc6ee260cfcbbe785fe55 
Number of updated asset objects reloaded before import = 0
Number of asset objects unloaded after import = 0
========================================================================
Received Prepare
AcceleratorClientConnectionCallback - disconnected - :0
Begin MonoManager ReloadAssembly
Symbol file LoadedFromMemory is not a mono symbol file
Refreshing native plugins compatible for Editor in 10.03 ms, found 3 plugins.
Native extension for WindowsStandalone target not found
Native extension for WebGL target not found
[Package Manager] Failed to launch server process. Reason: Unity was launched with the -noUpm command-line argument
[Package Manager] Unable to send message (not connected to server process).
[Package Manager] Cannot connect to Unity Package Manager local server
ScheduleIndexationOnStartup MainProcess:False IndexOnStartup:True
Mono: successfully reloaded assembly
- Finished resetting the current domain, in  2.208 seconds
Domain Reload Profiling: 4201ms
	BeginReloadAssembly (695ms)
		DisableScriptedObjects (67ms)
		CreateAndSetChildDomain (152ms)
	RebuildCommonClasses (35ms)
	RebuildNativeTypeToScriptingClass (46ms)
	initialDomainReloadingComplete (244ms)
	LoadAllAssembliesAndSetupDomain (970ms)
		LoadAssemblies (934ms)
		AnalyzeDomain (29ms)
			TypeCache.Refresh (14ms)
			ResolveRequiredComponents (6ms)
	FinalizeReload (2212ms)
		SetupLoadedEditorAssemblies (0ms)
			InitializePlatformSupportModulesInManaged (6ms)
			BeforeProcessingInitializeOnLoad (300ms)
			ProcessInitializeOnLoadAttributes (626ms)
			ProcessInitializeOnLoadMethodAttributes (642ms)
			AfterProcessingInitializeOnLoad (27ms)
		AwakeInstancesAfterBackupRestoration (42ms)
Refreshing native plugins compatible for Editor in 8.91 ms, found 3 plugins.
Unloading 0 Unused Serialized files (Serialized files now loaded: 0)
Unloading 4226 unused Assets / (1.2 MB). Loaded Objects now: 4818.
Memory consumption went from 251.3 MB to 250.0 MB.
Total: 25.526700 ms (FindLiveObjects: 2.044000 ms CreateObjectMapping: 4.349000 ms MarkObjects: 15.992400 ms  DeleteObjects: 3.135800 ms)

Prepare: number of updated asset objects reloaded= 0
Editor requested this worker to shutdown with reason: Scaling down because of idle timeout
AcceleratorClientConnectionCallback - disconnected - :0
AssetImportWorker is now disconnected from the server
Process exiting
Exiting without the bug reporter. Application will terminate with return code 0