[Licensing::Module] Trying to connect to existing licensing client channel...
Built from '6000.5/staging' branch; Version is '6000.5.7f1 (017862109af0) revision 96354'; Using compiler version '194234433'; Build Type 'Release'
[Licensing::IpcConnector] Successfully connected to: "LicenseClient-elli0" at "2026-08-10T19:42:17.7263104Z"
OS: 'Windows 11  (10.0.26200) Professional' Language: 'en' Physical Memory: 15681 MB
BatchMode: 0, IsHumanControllingUs: 1, StartBugReporterOnCrash: 1, Is64bit: 1
System  architecture: x64
Process architecture: x64
Date: 2026-08-10T19:42:17Z

COMMAND LINE ARGUMENTS:
C:\Program Files\Unity\Hub\Editor\6000.5.7f1\Editor\Unity.exe
-projectpath
C:\Users\elli0\Documents\GitHub\Multiplayer
-acceptSoftwareTermsForThisRunOnly
-useHub
-hubIPC
-cloudEnvironment
production
-licensingIpc
LicenseClient-elli0
-hubSessionId
0b4f232c-1762-4864-b0d6-9d5283ca21f2
-accessToken
3B8JsUazaXvqpkehbjbyCHpDLNC0sZ-79yAa_z-owIs005f
Successfully changed project path to: C:\Users\elli0\Documents\GitHub\Multiplayer
C:/Users/elli0/Documents/GitHub/Multiplayer
[UnityMemory] Configuration Parameters - Can be set up in boot.config
    "memorysetup-temp-allocator-size-gi-baking-worker=262144"
    "memorysetup-temp-allocator-size-gi-baking-worker=262144"
    "memorysetup-temp-allocator-size-gi-baking-worker=262144"
    "memorysetup-temp-allocator-size-gi-baking-worker=262144"
    "memorysetup-temp-allocator-size-gi-baking-worker=262144"
    "memorysetup-temp-allocator-size-nav-mesh-worker=65536"
    "memorysetup-temp-allocator-size-audio-worker=65536"
    "memorysetup-temp-allocator-size-cloud-worker=32768"
    "memorysetup-temp-allocator-size-gfx=262144"
    "memorysetup-temp-allocator-size-preload-manager=33554432"
    "memorysetup-allocator-temp-initial-block-size-main=262144"
    "memorysetup-allocator-temp-initial-block-size-worker=262144"
    "memorysetup-temp-allocator-size-job-worker=262144"
    "memorysetup-temp-allocator-size-background-worker=32768"
    "memorysetup-bucket-allocator-granularity=16"
    "memorysetup-bucket-allocator-bucket-count=8"
    "memorysetup-bucket-allocator-block-size=33554432"
    "memorysetup-bucket-allocator-block-count=8"
    "memorysetup-main-allocator-block-size=16777216"
    "memorysetup-thread-allocator-block-size=16777216"
    "memorysetup-main-allocator-mimalloc-enabled=0"
    "memorysetup-gfx-main-allocator-block-size=16777216"
    "memorysetup-gfx-thread-allocator-block-size=16777216"
    "memorysetup-cache-allocator-block-size=4194304"
    "memorysetup-typetree-allocator-block-size=2097152"
    "memorysetup-profiler-bucket-allocator-granularity=16"
    "memorysetup-profiler-bucket-allocator-bucket-count=8"
    "memorysetup-profiler-bucket-allocator-block-size=33554432"
    "memorysetup-profiler-bucket-allocator-block-count=8"
    "memorysetup-profiler-allocator-block-size=16777216"
    "memorysetup-profiler-editor-allocator-block-size=1048576"
    "memorysetup-temp-allocator-size-main=16777216"
    "memorysetup-job-temp-allocator-block-size=2097152"
    "memorysetup-job-temp-allocator-block-size-background=1048576"
    "memorysetup-job-temp-allocator-reduction-small-platforms=262144"
Player connection [33404]  Target information:

Player connection [33404]  * "[IP] 192.168.1.228 [Port] 55504 [Flags] 2 [Guid] 1597427871 [EditorId] 1597427871 [Version] 1048832 [Id] WindowsEditor(7,Elliot_Laptop) [Debug] 1 [PackageName] WindowsEditor [ProjectName] Editor" 

Player connection [33404] Host joined multi-casting on [225.0.0.222:54997]...
Player connection [33404] Host joined alternative multi-casting on [225.0.0.222:34997]...
Input System module state changed to: Initialized.
[Physics::Module] Initialized fallback backend.
[Physics::Module] Id: 0xdecafbad
[Package Manager] Connected to IPC stream "Upm-37356" after 0.3 seconds.
[Licensing::Module] Licensing is not yet initialized.
[Licensing::Client] Error: HandshakeResponse reported an error:
	ResponseCode: 505
	ResponseStatus: Unsupported protocol version '1.18.1'.
[Licensing::Module] Error: Failed to handshake to channel: "LicenseClient-elli0"
[Licensing::IpcConnector] LicenseClient-elli0 channel disconnected successfully.
[Licensing::IpcConnector] Channel LicenseClient-elli0-6000.5.7 doesn't exist
[Licensing::Module] Successfully launched the LicensingClient (PId: 19036)
Starting IPC server.
Waiting for clients to connect on \\.\pipe\Unity-LicenseClient-elli0-6000.5.7, press Ctrl-C to exit.
[Licensing::IpcConnector] Successfully connected to: "LicenseClient-elli0-6000.5.7" at "2026-08-10T19:42:19.4140703Z"
[Licensing::Client] Code 10 while verifying Licensing Client signature (process Id: 19036, path: "C:/Program Files/Unity/Hub/Editor/6000.5.7f1/Editor/Data/Resources/Licensing/Client/Unity.Licensing.Client.exe")
[Licensing::Module] LicensingClient has failed validation; ignoring
[Licensing::Client] Handshaking with LicensingClient:
  Version:                 1.18.1+9fbee8e
  Session Id:              b63b8b76b05a4f699e09f0d6a7016063
  Correlation Id:          e8ca36b2022badaeb1cecd7f79172e17
  External correlation Id: 987103818452281813
  Machine Id:              JOUP1U45KtUV8sm1s/K3HmNb45Q=
[Licensing::Module] Successfully connected to LicensingClient on channel: "LicenseClient-elli0-6000.5.7" (connect: 0.38s, validation: 0.27s, handshake: 0.01s)
[Licensing::IpcConnector] Successfully connected to: "LicenseClient-elli0-6000.5.7-notifications" at "2026-08-10T19:42:19.6906346Z"
[Licensing::Module] Connected to LicensingClient (PId: 19036, launch time: 0.01, total connection time: 0.65s)
[Licensing::Client] Successfully updated the access token
[Licensing::Module] Successfully updated the access token 3B8JsUazaX...
[Licensing::Client] Successfully resolved entitlement details
[Licensing::Module] License group:
  Id: 5774099461094-UnityPersXXXX
  Product: Unity Personal
  Type: Assigned
  Expiration: Unlimited
[Licensing::Client] Successfully updated license, isAsync: True, time: 0.02
[Licensing::Client] Successfully resolved entitlement details
[Licensing::Module] Licensing Background thread has ended after 2.03s
[Licensing::Module] Licensing is initialized (took 1.42s).
[Licensing::Client] Successfully resolved entitlement details
Library Redirect Path: Library/
[Physics::Module] Selected backend.
[Physics::Module] Name: PhysX
[Physics::Module] Id: 0xf2b8ea05
[Physics::Module] SDK Version: 4.1.2
[Physics::Module] Integration Version: 1.0.0
[Physics::Module] Threading Mode: Multi-Threaded
Active build profile path: `Assets/Settings/Build Profiles/Windows.asset`
Got setting from build profile YAML, name `m_BuildTarget`, value `19`
Got setting from build profile YAML, name `m_Subtarget`, value `2`
Initialize engine version: 6000.5.7f1 (017862109af0)
[Subsystems] Discovering subsystems at path C:/Program Files/Unity/Hub/Editor/6000.5.7f1/Editor/Data/Resources/UnitySubsystems
[Subsystems] Discovering subsystems at path C:/Users/elli0/Documents/GitHub/Multiplayer/Assets
[D3D12 Device Filter] Vendor Name: ATI
[D3D12 Device Filter] Device Name: AMD Radeon (TM) Graphics
[D3D12 Device Filter] Driver Version: 31.0.21923.3003
[D3D12 Device Filter] Feature Level: 12.1
[D3D12 Device Filter] Graphics Memory: 7840 MB
[D3D12 Device Filter] Processor Count: 12
[D3D12 Device Filter] Device Type: Integrated
[D3D12 Device Filter] D3D12 API denied by user filter: {"Vendor": "ATI", "Device Type:": Integrated}
GfxDevice: creating device client; kGfxThreadingModeThreaded
Direct3D:
    Version:  Direct3D 11.0 [level 11.1]
    Renderer: AMD Radeon (TM) Graphics (ID=0x15e7)
    Vendor:   ATI
    VRAM:     7840 MB
    Driver:   31.0.21923.3003
Initialize mono
Mono path[0] = 'C:/Program Files/Unity/Hub/Editor/6000.5.7f1/Editor/Data/Managed'
Mono path[1] = 'C:/Program Files/Unity/Hub/Editor/6000.5.7f1/Editor/Data/BCLExtensions/runtime/netstandard2.1'
Mono path[2] = 'C:/Program Files/Unity/Hub/Editor/6000.5.7f1/Editor/Data/MonoBleedingEdge/lib/mono/unityjit-win32'
Mono config path = 'C:/Program Files/Unity/Hub/Editor/6000.5.7f1/Editor/Data/MonoBleedingEdge/etc'
Using monoOptions --debugger-agent=transport=dt_socket,embedding=1,server=y,suspend=n,address=127.0.0.1:56356
CodeReloadManager initialized
ImportWorker Server TCP listen port: 0
AcceleratorClientConnectionCallback - disconnected - :0
Begin MonoManager ReloadAssembly
Registering precompiled unity dll's ...
Register platform support module: C:/Program Files/Unity/Hub/Editor/6000.5.7f1/Editor/Data/PlaybackEngines/WebGLSupport/UnityEditor.WebGL.Extensions.dll
Register platform support module: C:/Program Files/Unity/Hub/Editor/6000.5.7f1/Editor/Data/PlaybackEngines/WindowsStandaloneSupport/UnityEditor.WindowsStandalone.Extensions.dll
Registered in 0.004351 seconds.
Native extension for WindowsStandalone target not found
Native extension for WebGL target not found
Package Manager log level set to [2]
ScheduleIndexationOnStartup MainProcess:False IndexOnStartup:True
Mono: successfully reloaded assembly
- Finished resetting the current domain, in  0.527 seconds
Domain Reload Profiling: 1180ms
	BeginReloadAssembly (196ms)
		CreateAndSetChildDomain (3ms)
	RebuildCommonClasses (7ms)
	RebuildNativeTypeToScriptingClass (18ms)
	initialDomainReloadingComplete (80ms)
	LoadAllAssembliesAndSetupDomain (349ms)
		LoadAssemblies (191ms)
		AnalyzeDomain (259ms)
			TypeCache.Refresh (258ms)
				TypeCache.ScanAssembly (240ms)
	FinalizeReload (530ms)
		SetupLoadedEditorAssemblies (0ms)
			InitializePlatformSupportModulesInManaged (3ms)
			BeforeProcessingInitializeOnLoad (107ms)
			ProcessInitializeOnLoadAttributes (116ms)
			ProcessInitializeOnLoadMethodAttributes (215ms)
[Licensing::Client] Successfully resolved entitlement details
Application.AssetDatabase Initial Refresh Start
[Package Manager] Restoring resolved packages state from cache
[Licensing::Client] Successfully resolved entitlement details
[Package Manager] Registered 29 packages:
  Packages from [https://packages.unity.com]:
    com.unity.netcode.gameobjects@2.13.1 (location: C:\Users\elli0\Documents\GitHub\Multiplayer\Library\PackageCache\com.unity.netcode.gameobjects@d43d28498f17)
    com.unity.services.cloud-build@2.0.8 (location: C:\Users\elli0\Documents\GitHub\Multiplayer\Library\PackageCache\com.unity.services.cloud-build@235f37f57c39)
    com.unity.services.multiplayer@2.1.3 (location: C:\Users\elli0\Documents\GitHub\Multiplayer\Library\PackageCache\com.unity.services.multiplayer@01ce6abde85b)
    com.unity.services.qos@1.4.1 (location: C:\Users\elli0\Documents\GitHub\Multiplayer\Library\PackageCache\com.unity.services.qos@03d4b52d4980)
    com.unity.services.core@1.18.0 (location: C:\Users\elli0\Documents\GitHub\Multiplayer\Library\PackageCache\com.unity.services.core@3464cb68d709)
    com.unity.services.wire@1.4.4 (location: C:\Users\elli0\Documents\GitHub\Multiplayer\Library\PackageCache\com.unity.services.wire@aba8a6fb1fe2)
    com.unity.services.deployment@1.7.2 (location: C:\Users\elli0\Documents\GitHub\Multiplayer\Library\PackageCache\com.unity.services.deployment@c07c64f9804b)
    com.unity.nuget.newtonsoft-json@3.2.2 (location: C:\Users\elli0\Documents\GitHub\Multiplayer\Library\PackageCache\com.unity.nuget.newtonsoft-json@4dfd81071c64)
    com.unity.services.authentication@3.7.3 (location: C:\Users\elli0\Documents\GitHub\Multiplayer\Library\PackageCache\com.unity.services.authentication@4e591ebe4d6b)
    com.unity.collab-proxy@2.13.5 (location: C:\Users\elli0\Documents\GitHub\Multiplayer\Library\PackageCache\com.unity.collab-proxy@120d77864ebc)
    com.unity.nuget.mono-cecil@1.11.6 (location: C:\Users\elli0\Documents\GitHub\Multiplayer\Library\PackageCache\com.unity.nuget.mono-cecil@ecb9724e46ff)
    com.unity.services.deployment.api@1.1.3 (location: C:\Users\elli0\Documents\GitHub\Multiplayer\Library\PackageCache\com.unity.services.deployment.api@9becf6da0f1a)
    com.unity.burst@1.8.30 (location: C:\Users\elli0\Documents\GitHub\Multiplayer\Library\PackageCache\com.unity.burst@2f3d916873ea)
    com.unity.test-framework.performance@3.5.0 (location: C:\Users\elli0\Documents\GitHub\Multiplayer\Library\PackageCache\com.unity.test-framework.performance@8b56083ec0f0)
  Built-in packages:
    com.unity.modules.imgui@1.0.0 (location: C:\Users\elli0\Documents\GitHub\Multiplayer\Library\PackageCache\com.unity.modules.imgui)
    com.unity.modules.jsonserialize@1.0.0 (location: C:\Users\elli0\Documents\GitHub\Multiplayer\Library\PackageCache\com.unity.modules.jsonserialize)
    com.unity.modules.physics@1.0.0 (location: C:\Users\elli0\Documents\GitHub\Multiplayer\Library\PackageCache\com.unity.modules.physics)
    com.unity.modules.unitywebrequest@1.0.0 (location: C:\Users\elli0\Documents\GitHub\Multiplayer\Library\PackageCache\com.unity.modules.unitywebrequest)
    com.unity.transport@6.5.0 (location: C:\Users\elli0\Documents\GitHub\Multiplayer\Library\PackageCache\com.unity.transport@0c07c94c2861)
    com.unity.collections@6.5.0 (location: C:\Users\elli0\Documents\GitHub\Multiplayer\Library\PackageCache\com.unity.collections@ec2c217e4cb2)
    com.unity.ugui@2.5.0 (location: C:\Users\elli0\Documents\GitHub\Multiplayer\Library\PackageCache\com.unity.ugui@67707a67a4ab)
    com.unity.modules.androidjni@1.0.0 (location: C:\Users\elli0\Documents\GitHub\Multiplayer\Library\PackageCache\com.unity.modules.androidjni)
    com.unity.test-framework@1.7.0 (location: C:\Users\elli0\Documents\GitHub\Multiplayer\Library\PackageCache\com.unity.test-framework@1405238725ab)
    com.unity.mathematics@1.4.0 (location: C:\Users\elli0\Documents\GitHub\Multiplayer\Library\PackageCache\com.unity.mathematics@981956d94fb6)
    com.unity.modules.ui@1.0.0 (location: C:\Users\elli0\Documents\GitHub\Multiplayer\Library\PackageCache\com.unity.modules.ui)
    com.unity.modules.audio@1.0.0 (location: C:\Users\elli0\Documents\GitHub\Multiplayer\Library\PackageCache\com.unity.modules.audio)
    com.unity.modules.physics2d@1.0.0 (location: C:\Users\elli0\Documents\GitHub\Multiplayer\Library\PackageCache\com.unity.modules.physics2d)
    com.unity.ext.nunit@2.1.0 (location: C:\Users\elli0\Documents\GitHub\Multiplayer\Library\PackageCache\com.unity.ext.nunit@44f7d31723bd)
    com.unity.modules.physicscore2d@1.0.0 (location: C:\Users\elli0\Documents\GitHub\Multiplayer\Library\PackageCache\com.unity.modules.physicscore2d)
[Subsystems] No new subsystems found in resolved package list.
[Package Manager] Done registering packages in 0.03 seconds
[ScriptCompilation] Requested script compilation because: AssetDatabase observed changes in script compilation related files
info: Microsoft.Hosting.Lifetime[14]
      Now listening on: http://localhost:80
info: Microsoft.Hosting.Lifetime[0]
      Application started. Press Ctrl+C to shut down.
info: Microsoft.Hosting.Lifetime[0]
      Hosting environment: Production
info: Microsoft.Hosting.Lifetime[0]
      Content root path: C:\Users\elli0\Documents\GitHub\Multiplayer
info: Microsoft.AspNetCore.Hosting.Diagnostics[1]
      Request starting HTTP/2 POST http://ilpp/UnityILPP.PostProcessing/Ping - application/grpc -
info: Microsoft.AspNetCore.Routing.EndpointMiddleware[0]
      Executing endpoint 'gRPC - /UnityILPP.PostProcessing/Ping'
info: Microsoft.AspNetCore.Routing.EndpointMiddleware[1]
      Executed endpoint 'gRPC - /UnityILPP.PostProcessing/Ping'
info: Microsoft.AspNetCore.Hosting.Diagnostics[2]
      Request finished HTTP/2 POST http://ilpp/UnityILPP.PostProcessing/Ping - 200 - application/grpc 33.3994ms
Starting: C:\Program Files\Unity\Hub\Editor\6000.5.7f1\Editor\Data\Tools\BuildPipeline\bee_backend.exe --ipc --defer-dag-verification --dagfile="Library/Bee/1900b0aE.dag" --continue-on-failure --profile="Library/Bee/backend1.traceevents" ScriptAssemblies
WorkingDir: C:/Users/elli0/Documents/GitHub/Multiplayer
info: Microsoft.AspNetCore.Hosting.Diagnostics[1]
      Request starting HTTP/2 POST http://ilpp/UnityILPP.PostProcessing/ConfigurePostProcessors - application/grpc -
info: Microsoft.AspNetCore.Routing.EndpointMiddleware[0]
      Executing endpoint 'gRPC - /UnityILPP.PostProcessing/ConfigurePostProcessors'
warn: Unity.ILPP.Runner.PostProcessingAssemblyLoadContext[0]
      Assembly system.runtime.interopservices.windowsruntime has duplicate hint path. Ignoring "C:\Program Files\Unity\Hub\Editor\6000.5.7f1\Editor\Data\UnityReferenceAssemblies\unity-4.8-api\Facades\System.Runtime.InteropServices.WindowsRuntime.dll" in favor of "C:\Program Files\Unity\Hub\Editor\6000.5.7f1\Editor\Data\NetStandard\Extensions\2.0.0\System.Runtime.InteropServices.WindowsRuntime.dll"
warn: Unity.ILPP.Runner.PostProcessingAssemblyLoadContext[0]
      Assembly system.componentmodel.composition has duplicate hint path. Ignoring "C:\Program Files\Unity\Hub\Editor\6000.5.7f1\Editor\Data\UnityReferenceAssemblies\unity-4.8-api\System.ComponentModel.Composition.dll" in favor of "C:\Program Files\Unity\Hub\Editor\6000.5.7f1\Editor\Data\NetStandard\compat\2.1.0\shims\netfx\System.ComponentModel.Composition.dll"
info: Unity.ILPP.Runner.PostProcessingAssemblyLoadContext[0]
      Resolved Unity.Burst.Cecil, Version=0.11.6.0, Culture=neutral, PublicKeyToken=50cebf1cceb9d05e with Library\PackageCache\com.unity.burst@2f3d916873ea\Unity.Burst.CodeGen\Unity.Burst.Cecil.dll
info: Unity.ILPP.Runner.PostProcessingAssemblyLoadContext[0]
      Resolved Mono.Cecil, Version=0.11.5.0, Culture=neutral, PublicKeyToken=50cebf1cceb9d05e with Library\PackageCache\com.unity.nuget.mono-cecil@ecb9724e46ff\Mono.Cecil.dll
info: Microsoft.AspNetCore.Routing.EndpointMiddleware[1]
      Executed endpoint 'gRPC - /UnityILPP.PostProcessing/ConfigurePostProcessors'
info: Microsoft.AspNetCore.Hosting.Diagnostics[2]
      Request finished HTTP/2 POST http://ilpp/UnityILPP.PostProcessing/ConfigurePostProcessors - 200 - application/grpc 68.3854ms
ExitCode: 4 Duration: 4s294ms
Rebuilding DAG because FileSignature timestamp changed: Library/Bee/1900b0aE-inputdata.json
[647/821    0s] ILPP-Configuration Library/ilpp-configuration.nevergeneratedoutput
*** Tundra requires additional run (4.18 seconds), 2 items updated, 646 evaluated
Starting: C:\Program Files\Unity\Hub\Editor\6000.5.7f1\Editor\Data\netcorerun\netcorerun.exe "C:\Program Files\Unity\Hub\Editor\6000.5.7f1\Editor\Data\Tools\BuildPipeline\ScriptCompilationBuildProgram.exe" "Library/Bee/1900b0aE.dag.json" "Library/Bee/1900b0aE-inputdata.json" "Library\Bee\buildprogram0.traceevents"
WorkingDir: C:/Users/elli0/Documents/GitHub/Multiplayer
ExitCode: 0 Duration: 1s186ms
Starting: C:\Program Files\Unity\Hub\Editor\6000.5.7f1\Editor\Data\Tools\BuildPipeline\bee_backend.exe --ipc --defer-dag-verification --dagfile="Library/Bee/1900b0aE.dag" --continue-on-failure --dagfilejson="Library\Bee\1900b0aE.dag.json" --profile="Library/Bee/backend2.traceevents" ScriptAssemblies
WorkingDir: C:/Users/elli0/Documents/GitHub/Multiplayer
info: Microsoft.AspNetCore.Hosting.Diagnostics[1]
      Request starting HTTP/2 POST http://ilpp/UnityILPP.PostProcessing/ConfigurePostProcessors - application/grpc -
info: Microsoft.AspNetCore.Routing.EndpointMiddleware[0]
      Executing endpoint 'gRPC - /UnityILPP.PostProcessing/ConfigurePostProcessors'
info: Unity.ILPP.Runner.PostProcessingAssemblyLoadContext[0]
      Current configuration matches the requested one, skipping
info: Microsoft.AspNetCore.Routing.EndpointMiddleware[1]
      Executed endpoint 'gRPC - /UnityILPP.PostProcessing/ConfigurePostProcessors'
info: Microsoft.AspNetCore.Hosting.Diagnostics[2]
      Request finished HTTP/2 POST http://ilpp/UnityILPP.PostProcessing/ConfigurePostProcessors - 200 - application/grpc 1.9774ms
info: Microsoft.AspNetCore.Hosting.Diagnostics[1]
      Request starting HTTP/2 POST http://ilpp/UnityILPP.PostProcessing/PostProcessAssembly - application/grpc -
info: Microsoft.AspNetCore.Routing.EndpointMiddleware[0]
      Executing endpoint 'gRPC - /UnityILPP.PostProcessing/PostProcessAssembly'
info: Unity.ILPP.Runner.PostProcessingPipeline[0]
      Processing assembly Library/Bee/artifacts/1900b0aE.dag/Assembly-CSharp.dll, with 141 defines and 283 references
info: Unity.ILPP.Runner.PostProcessingPipeline[0]
      processors: Unity.Jobs.CodeGen.JobsILPostProcessor, Unity.Netcode.Editor.CodeGen.INetworkMessageILPP, Unity.Netcode.Editor.CodeGen.INetworkSerializableILPP, Unity.Netcode.Editor.CodeGen.NetworkBehaviourILPP, Unity.Netcode.Editor.CodeGen.RuntimeAccessModifiersILPP, zzzUnity.Burst.CodeGen.BurstILPostProcessor
info: Unity.ILPP.Runner.PostProcessingPipeline[0]
      running Unity.Jobs.CodeGen.JobsILPostProcessor
info: Unity.ILPP.Runner.PostProcessingAssemblyLoadContext[0]
      Resolved Unity.Collections, Version=0.0.0.0, Culture=neutral, PublicKeyToken=null with Library\Bee\artifacts\1900b0aE.dag\Unity.Collections.dll
info: Microsoft.AspNetCore.Hosting.Diagnostics[1]
      Request starting HTTP/2 POST http://ilpp/UnityILPP.PostProcessing/PostProcessAssembly - application/grpc -
info: Microsoft.AspNetCore.Routing.EndpointMiddleware[0]
      Executing endpoint 'gRPC - /UnityILPP.PostProcessing/PostProcessAssembly'
info: Unity.ILPP.Runner.PostProcessingPipeline[0]
      Processing assembly Library/Bee/artifacts/1900b0aE.dag/Assembly-CSharp-Editor.dll, with 139 defines and 330 references
info: Unity.ILPP.Runner.PostProcessingPipeline[0]
      processors: Unity.Jobs.CodeGen.JobsILPostProcessor, Unity.Netcode.Editor.CodeGen.INetworkMessageILPP, Unity.Netcode.Editor.CodeGen.INetworkSerializableILPP, Unity.Netcode.Editor.CodeGen.NetworkBehaviourILPP, Unity.Netcode.Editor.CodeGen.RuntimeAccessModifiersILPP, zzzUnity.Burst.CodeGen.BurstILPostProcessor
info: Unity.ILPP.Runner.PostProcessingPipeline[0]
      running Unity.Jobs.CodeGen.JobsILPostProcessor
info: Unity.ILPP.Runner.PostProcessingAssemblyLoadContext[0]
      Resolved UnityEditor.CoreModule, Version=0.0.0.0, Culture=neutral, PublicKeyToken=null with C:\Program Files\Unity\Hub\Editor\6000.5.7f1\Editor\Data\Managed\UnityEngine\UnityEditor.CoreModule.dll
info: Unity.ILPP.Runner.PostProcessingAssemblyLoadContext[0]
      Resolved UnityEngine.CoreModule, Version=0.0.0.0, Culture=neutral, PublicKeyToken=null with C:\Program Files\Unity\Hub\Editor\6000.5.7f1\Editor\Data\Managed\UnityEngine\UnityEngine.CoreModule.dll
info: Unity.ILPP.Runner.PostProcessingAssemblyLoadContext[0]
      Resolved Unity.Scripting, Version=0.0.0.0, Culture=neutral, PublicKeyToken=null with C:\Program Files\Unity\Hub\Editor\6000.5.7f1\Editor\Data\Managed\UnityEngine\Unity.Scripting.dll
info: Unity.ILPP.Runner.PostProcessingPipeline[0]
      running Unity.Netcode.Editor.CodeGen.INetworkMessageILPP
info: Unity.ILPP.Runner.PostProcessingPipeline[0]
      running Unity.Netcode.Editor.CodeGen.INetworkMessageILPP
info: Unity.ILPP.Runner.PostProcessingPipeline[0]
      running Unity.Netcode.Editor.CodeGen.INetworkSerializableILPP
info: Unity.ILPP.Runner.PostProcessingPipeline[0]
      running Unity.Netcode.Editor.CodeGen.INetworkSerializableILPP
info: Unity.ILPP.Runner.PostProcessingAssemblyLoadContext[0]
      Resolved Unity.Netcode.Runtime, Version=0.0.0.0, Culture=neutral, PublicKeyToken=null with Library\Bee\artifacts\1900b0aE.dag\Unity.Netcode.Runtime.dll
info: Unity.ILPP.Runner.PostProcessingPipeline[0]
      running Unity.Netcode.Editor.CodeGen.NetworkBehaviourILPP
info: Unity.ILPP.Runner.PostProcessingPipeline[0]
      running Unity.Netcode.Editor.CodeGen.NetworkBehaviourILPP
info: Unity.ILPP.Runner.PostProcessingPipeline[0]
      running Unity.Netcode.Editor.CodeGen.RuntimeAccessModifiersILPP
info: Unity.ILPP.Runner.PostProcessingPipeline[0]
      running zzzUnity.Burst.CodeGen.BurstILPostProcessor
info: Unity.ILPP.Runner.PostProcessingAssemblyLoadContext[0]
      Resolved Mono.Cecil.Rocks, Version=0.11.5.0, Culture=neutral, PublicKeyToken=50cebf1cceb9d05e with Library\PackageCache\com.unity.nuget.mono-cecil@ecb9724e46ff\Mono.Cecil.Rocks.dll
info: Unity.ILPP.Runner.PostProcessingAssemblyLoadContext[0]
      Resolved Unity.Burst.Cecil.Rocks, Version=0.11.6.0, Culture=neutral, PublicKeyToken=50cebf1cceb9d05e with Library\PackageCache\com.unity.burst@2f3d916873ea\Unity.Burst.CodeGen\Unity.Burst.Cecil.Rocks.dll
info: Microsoft.AspNetCore.Routing.EndpointMiddleware[1]
      Executed endpoint 'gRPC - /UnityILPP.PostProcessing/PostProcessAssembly'
info: Microsoft.AspNetCore.Hosting.Diagnostics[2]
      Request finished HTTP/2 POST http://ilpp/UnityILPP.PostProcessing/PostProcessAssembly - 200 - application/grpc 878.3011ms
info: Unity.ILPP.Runner.PostProcessingPipeline[0]
      running Unity.Netcode.Editor.CodeGen.RuntimeAccessModifiersILPP
info: Unity.ILPP.Runner.PostProcessingPipeline[0]
      running zzzUnity.Burst.CodeGen.BurstILPostProcessor
info: Microsoft.AspNetCore.Routing.EndpointMiddleware[1]
      Executed endpoint 'gRPC - /UnityILPP.PostProcessing/PostProcessAssembly'
info: Microsoft.AspNetCore.Hosting.Diagnostics[2]
      Request finished HTTP/2 POST http://ilpp/UnityILPP.PostProcessing/PostProcessAssembly - 200 - application/grpc 1328.2419ms
ExitCode: 0 Duration: 6s181ms
Finished compiling graph: 824 nodes, 14698 flattened edges (11826 ToBuild, 124 ToUse), maximum node priority 953
[468/821    0s] WriteText Library/Bee/artifacts/1900b0aE.dag/Assembly-CSharp.rsp
[647/821    0s] ILPP-Configuration Library/ilpp-configuration.nevergeneratedoutput
[813/821    3s] Csc Library/Bee/artifacts/1900b0aE.dag/Assembly-CSharp.dll (+2 others)
Assets\Scripts\Core\CoreRules11Completion.cs(46,16): warning CS0618: 'Object.FindObjectsOfType<T>()' is obsolete: 'Object.FindObjectsOfType has been deprecated. Use Object.FindObjectsByType instead which lets you decide whether you need the results sorted or not.  FindObjectsOfType sorts the results by InstanceID but if you do not need this using FindObjectSortMode.None is considerably faster.'

Assets\Scripts\Core\WarboardV45PhysicalSideTrays.cs(146,19): warning CS0618: 'FindObjectsSortMode' is obsolete: 'FindObjectsSortMode has been deprecated. Use the FindObjectsByType overloads that do not take a FindObjectsSortMode parameter.'

Assets\Scripts\Core\WarboardV45PhysicalSideTrays.cs(142,13): warning CS0618: 'Object.FindObjectsByType<T>(FindObjectsInactive, FindObjectsSortMode)' is obsolete: 'FindObjectsByType with FindObjectsSortMode parameter has been deprecated. Use FindObjectsByType<T>() or FindObjectsByType<T>(FindObjectsInactive) instead. InstanceID will be replaced in the future with EntityId and previous sort order cannot be maintained.'

Assets\Scripts\Core\GameController.V50TerrainAreaBattlefield.cs(33,17): warning CS0618: 'FindObjectsSortMode' is obsolete: 'FindObjectsSortMode has been deprecated. Use the FindObjectsByType overloads that do not take a FindObjectsSortMode parameter.'

Assets\Scripts\Core\GameController.V50TerrainAreaBattlefield.cs(30,13): warning CS0618: 'Object.FindObjectsByType<T>(FindObjectsSortMode)' is obsolete: 'FindObjectsByType with FindObjectsSortMode parameter has been deprecated. Use FindObjectsByType<T>() or FindObjectsByType<T>(FindObjectsInactive) instead. InstanceID will be replaced in the future with EntityId and previous sort order cannot be maintained.'

Assets\Scripts\Core\GameController.V48CoreAlignment.cs(12,18): warning CS0414: The field 'GameController.v48ChargeCommandRerolled' is assigned but its value is never used
[814/821    0s] Csc Library/Bee/artifacts/1900b0aE.dag/Assembly-CSharp-Editor.dll (+2 others)
[815/821    0s] ILPostProcess Library/Bee/artifacts/1900b0aE.dag/post-processed/Assembly-CSharp-Editor.dll (+pdb)
Processing assembly Library/Bee/artifacts/1900b0aE.dag/Assembly-CSharp-Editor.dll, with 139 defines and 330 references

processors: Unity.Jobs.CodeGen.JobsILPostProcessor, Unity.Netcode.Editor.CodeGen.INetworkMessageILPP, Unity.Netcode.Editor.CodeGen.INetworkSerializableILPP, Unity.Netcode.Editor.CodeGen.NetworkBehaviourILPP, Unity.Netcode.Editor.CodeGen.RuntimeAccessModifiersILPP, zzzUnity.Burst.CodeGen.BurstILPostProcessor

running Unity.Jobs.CodeGen.JobsILPostProcessor

running Unity.Netcode.Editor.CodeGen.INetworkMessageILPP

running Unity.Netcode.Editor.CodeGen.INetworkSerializableILPP

running Unity.Netcode.Editor.CodeGen.NetworkBehaviourILPP

running Unity.Netcode.Editor.CodeGen.RuntimeAccessModifiersILPP

running zzzUnity.Burst.CodeGen.BurstILPostProcessor
[816/821    0s] CopyFiles Library/ScriptAssemblies/Assembly-CSharp-Editor.pdb
[817/821    0s] CopyFiles Library/ScriptAssemblies/Assembly-CSharp-Editor.dll
[818/821    1s] ILPostProcess Library/Bee/artifacts/1900b0aE.dag/post-processed/Assembly-CSharp.dll (+pdb)
Processing assembly Library/Bee/artifacts/1900b0aE.dag/Assembly-CSharp.dll, with 141 defines and 283 references

processors: Unity.Jobs.CodeGen.JobsILPostProcessor, Unity.Netcode.Editor.CodeGen.INetworkMessageILPP, Unity.Netcode.Editor.CodeGen.INetworkSerializableILPP, Unity.Netcode.Editor.CodeGen.NetworkBehaviourILPP, Unity.Netcode.Editor.CodeGen.RuntimeAccessModifiersILPP, zzzUnity.Burst.CodeGen.BurstILPostProcessor

running Unity.Jobs.CodeGen.JobsILPostProcessor

running Unity.Netcode.Editor.CodeGen.INetworkMessageILPP

running Unity.Netcode.Editor.CodeGen.INetworkSerializableILPP

running Unity.Netcode.Editor.CodeGen.NetworkBehaviourILPP

running Unity.Netcode.Editor.CodeGen.RuntimeAccessModifiersILPP

running zzzUnity.Burst.CodeGen.BurstILPostProcessor
[819/821    0s] CopyFiles Library/ScriptAssemblies/Assembly-CSharp.pdb
[820/821    0s] CopyFiles Library/ScriptAssemblies/Assembly-CSharp.dll
*** Tundra build success (6.15 seconds), 10 items updated, 821 evaluated
Assets\Scripts\Core\CoreRules11Completion.cs(46,16): warning CS0618: 'Object.FindObjectsOfType<T>()' is obsolete: 'Object.FindObjectsOfType has been deprecated. Use Object.FindObjectsByType instead which lets you decide whether you need the results sorted or not.  FindObjectsOfType sorts the results by InstanceID but if you do not need this using FindObjectSortMode.None is considerably faster.'
Assets\Scripts\Core\WarboardV45PhysicalSideTrays.cs(146,19): warning CS0618: 'FindObjectsSortMode' is obsolete: 'FindObjectsSortMode has been deprecated. Use the FindObjectsByType overloads that do not take a FindObjectsSortMode parameter.'
Assets\Scripts\Core\WarboardV45PhysicalSideTrays.cs(142,13): warning CS0618: 'Object.FindObjectsByType<T>(FindObjectsInactive, FindObjectsSortMode)' is obsolete: 'FindObjectsByType with FindObjectsSortMode parameter has been deprecated. Use FindObjectsByType<T>() or FindObjectsByType<T>(FindObjectsInactive) instead. InstanceID will be replaced in the future with EntityId and previous sort order cannot be maintained.'
Assets\Scripts\Core\GameController.V50TerrainAreaBattlefield.cs(33,17): warning CS0618: 'FindObjectsSortMode' is obsolete: 'FindObjectsSortMode has been deprecated. Use the FindObjectsByType overloads that do not take a FindObjectsSortMode parameter.'
Assets\Scripts\Core\GameController.V50TerrainAreaBattlefield.cs(30,13): warning CS0618: 'Object.FindObjectsByType<T>(FindObjectsSortMode)' is obsolete: 'FindObjectsByType with FindObjectsSortMode parameter has been deprecated. Use FindObjectsByType<T>() or FindObjectsByType<T>(FindObjectsInactive) instead. InstanceID will be replaced in the future with EntityId and previous sort order cannot be maintained.'
Assets\Scripts\Core\GameController.V48CoreAlignment.cs(12,18): warning CS0414: The field 'GameController.v48ChargeCommandRerolled' is assigned but its value is never used
Total cache size 69356940
Total cache size after purge 69356940, took 00:00:00.2728704
AssetDatabase: script compilation time: 13.157994s
Begin MonoManager ReloadAssembly
Symbol file LoadedFromMemory is not a mono symbol file
Refreshing native plugins compatible for Editor in 5.12 ms, found 3 plugins.
Native extension for WindowsStandalone target not found
Native extension for WebGL target not found
Refreshing native plugins compatible for Editor in 3.58 ms, found 3 plugins.
ScheduleIndexationOnStartup MainProcess:True IndexOnStartup:True
Mono: successfully reloaded assembly
- Finished resetting the current domain, in  2.919 seconds
Domain Reload Profiling: 3900ms
	BeginReloadAssembly (264ms)
		DisableScriptedObjects (32ms)
		CreateAndSetChildDomain (57ms)
	RebuildCommonClasses (11ms)
	RebuildNativeTypeToScriptingClass (18ms)
	initialDomainReloadingComplete (87ms)
	LoadAllAssembliesAndSetupDomain (599ms)
		LoadAssemblies (401ms)
		AnalyzeDomain (187ms)
			TypeCache.Refresh (142ms)
				TypeCache.ScanAssembly (129ms)
			BuildScriptInfoCaches (41ms)
	FinalizeReload (2921ms)
		SetupLoadedEditorAssemblies (0ms)
			InitializePlatformSupportModulesInManaged (3ms)
			BeforeProcessingInitializeOnLoad (107ms)
			ProcessInitializeOnLoadAttributes (2263ms)
			ProcessInitializeOnLoadMethodAttributes (293ms)
			AfterProcessingInitializeOnLoad (6ms)
		AwakeInstancesAfterBackupRestoration (23ms)
Starting new worker id: 0 with log in C:/Users/elli0/Documents/GitHub/Multiplayer/Logs/AssetImportWorkerHW0.log
Refreshing native plugins compatible for Editor in 4.00 ms, found 3 plugins.

Asset Pipeline Refresh (id=0e748238259c0474f9420afb2d5e0917): Total: 17.994 seconds - Initiated by InitialRefreshV2(ForceSynchronousImport)
	(Values over 0.05ms)
	Summary:
		Imports: total=0 (actual=0, local cache=0, cache server=0)
		Asset DB Process Time: managed=0 ms, native=3482 ms
		Asset DB Callback time: managed=221 ms, native=38 ms
		Scripting: domain reloads=1, domain reload time=1037 ms, compile time=13161 ms, other=53 ms
		Project Asset Count: scripts=935, non-scripts=2196
		Asset File Changes: new=2, changed=7, moved=0, deleted=0
		Scan Filter Count: 0
	InvokePackagesCallback: 31.184ms
	ApplyChangesToAssetFolders: 0.668ms
	Scan: 159.075ms
	Collect global state as custom dependencies: 11.974ms
	OnSourceAssetsModified: 1.607ms
	CategorizeScriptCompilationAssets: 55.393ms
	ProcessAssetsWithTransientArtifactChanges: 57.758ms
	CategorizeAssets: 39.359ms
	CompileScripts: 13160.787ms
	ImportOutOfDateAssets: 2986.555ms (2943.341ms without children)
		UnloadImportedAssets: 1.641ms
		EnsureUptoDateAssetsAreRegisteredWithGuidPM: 0.601ms
		ImportSchedulerStart: 40.960ms
	PostProcessAllAssets: 222.643ms
		VCAutoAddAssetPostprocess 1.573ms
		XRBuildSystem.XRAssetImported 0.776ms
		VersionControlSettings.HiddenFilePostprocess 0.109ms
		PostProcessCallbackCreateDeferredMaterials 0.059ms
		MonoPostProcessAllAssets: 219.223ms
			AssetPostprocessorProxy.OnPostprocessAllAssets 21.817ms
			AssetPostprocessor.OnPostprocessAllAssets 20.684ms
			StyleCatalogPostProcessor.OnPostprocessAllAssets 18.321ms
			WindowAssetPostprocessingWatcher.OnPostprocessAllAssets 11.338ms
			BuilderAssetPostprocessor.OnPostprocessAllAssets 6.925ms
			AssetChangedListener.OnPostprocessAllAssets 6.723ms
			NetworkPrefabProcessor.OnPostprocessAllAssets 5.081ms
			SyncVS.PostprocessSyncProject 1.793ms
			RetainedModeAssetPostprocessor.OnPostprocessAllAssets 1.644ms
			SpeedTree9Postprocessor.OnPostprocessAllAssets 1.125ms
			EditModeScopePostprocessor.OnPostprocessAllAssets 1.115ms
			ArtifactBrowserPostProcessor.OnPostprocessAllAssets 0.698ms
			UVCSAssetPostprocessor.OnPostprocessAllAssets 0.516ms
			TMPro_TexturePostProcessor.OnPostprocessAllAssets 0.470ms
			TextAssetPostProcessor.OnPostprocessAllAssets 0.463ms
			AudioMixerPostprocessor.OnPostprocessAllAssets 0.360ms
			ReferencedClipsPostProcessor.OnPostprocessAllAssets 0.338ms
			AssetEvents.OnPostprocessAllAssets 0.297ms
			TerrainToolbarOverlayPostProcessor.OnPostprocessAllAssets 0.282ms
			ScenarioDriftAssetsTracker.OnPostprocessAllAssets 0.232ms
			SpeedTreePostProcessor.OnPostprocessAllAssets 0.221ms
			ConfigAssetsTracker.OnPostprocessAllAssets 0.213ms
			AssetDatabaseCallbacks.OnPostprocessAllAssets 0.210ms
			AssetReloadNotifier.OnPostprocessAllAssets 0.139ms
			RenderPipelineGlobalSettingsPostprocessor.OnPostprocessAllAssets 0.136ms
			AudioContainerPostProcessor.OnPostprocessAllAssets 0.094ms
	PostAssetChangesProfiler: 6.631ms
	UnloadStreamsBegin: 1.760ms
	PersistCurrentRevisions: 0.096ms
	GenerateScriptTypeHashes: 8.374ms
	GenerateScriptTypeSerializationHashes: 16.575ms
	Untracked: 1252.396ms

Application.AssetDatabase Initial Refresh End
Launched and connected shader compiler UnityShaderCompiler.exe after 0.02 seconds
Scanning for USB devices : 7.594ms
Initializing Unity extensions:
[MODES] ModeService[none].Initialize
[MODES] ModeService[none].LoadModes
[MODES] Loading mode Default (0) for mode-current-id-Warboard_Unity6_v26_1_ReservePlacementFix_FLAT
Unloading 3 Unused Serialized files (Serialized files now loaded: 0)
Loaded scene 'Assets/Working Version.unity'
	Deserialize:            1.409 ms
	Integration:            254.263 ms
	Integration of assets:  0.004 ms
	Thread Wait Time:       0.019 ms
	Total Operation Time:   255.695 ms
Unloading 4229 unused Assets / (2.4 MB). Loaded Objects now: 4849.
Memory consumption went from 319.8 MB to 317.3 MB.
Total: 15.098100 ms (FindLiveObjects: 0.938900 ms CreateObjectMapping: 2.283400 ms MarkObjects: 8.976900 ms  DeleteObjects: 2.893800 ms)

[LAYOUT] About to load UserSettings\Layouts\default-6000.dwlt, keepMainWindow=False
[LAYOUT] About to save layout C:\Users\elli0\Documents\GitHub\Multiplayer\UserSettings\Layouts\default-6000.dwlt
[LAYOUT] About to save layout C:/Users/elli0/AppData/Roaming/Unity/Editor-5.x/Preferences\Layouts\current\default-6000.dwlt
[MODES] ModeService[default].InitializeCurrentMode
[MODES] ModeService[default].RaiseModeChanged(default, default)
This project uses Input Manager, which is marked for deprecation. To manage input in your project, use the <a href="https://docs.unity3d.com/Packages/com.unity.inputsystem@latest">Input System package</a> instead.
<RI> Initializing input.
XInput1_3.dll not found. Trying XInput9_1_0.dll instead...
<RI> Input initialized.
D3D11 device created for Microsoft Media Foundation video decoding.
[Project] Loading completed in 24.296 seconds
	Project init time: 				22.363 seconds
		Template init time: 		0.000 seconds
		Package Manager init time: 		1.742 seconds
		Asset Database init time: 		0.730 seconds
		Global illumination init time: 	0.004 seconds
		Assemblies load time: 			1.283 seconds
		Unity extensions init time: 	0.015 seconds
		Asset Database refresh time: 	17.994 seconds
	Scene opening time: 			1.633 seconds
##utp:{"type":"ProjectInfo","version":2,"phase":"Immediate","time":1786390962011,"processId":37356,"projectLoad":24.295883,"projectInit":22.3627133,"templateInit":0.0,"packageManagerInit":1.7415446,"assetDatabaseInit":0.730463,"globalIlluminationInit":0.0035309,"assembliesLoad":1.2831592,"unityExtensionsInit":0.01498,"assetDatabaseRefresh":17.9944588,"sceneOpening":1.6333979}
##utp:{"type":"EditorInfo","version":2,"phase":"Immediate","time":1786390962011,"processId":37356,"editorVersion":"6000.5.7f1 (017862109af0)","branch":"6000.5/staging","buildType":"Release","platform":"Windows"}
Worker ready: AssetImportWorkerHW0 0
Asset Pipeline Refresh (id=78a34a54cc6095449b4de00ee9a4251a): Total: 0.072 seconds - Initiated by RefreshV2(AllowForceSynchronousImport)
Dynamic Batching is deprecated and will be removed in a future release. Use GPU Instancing instead. Disable Dynamic Batching in Project Settings > Player > Other Settings to remove this warning.
UnityEngine.Debug:ExtractStackTraceNoAlloc (byte*,int,string)
UnityEngine.StackTraceUtility:ExtractStackTrace ()
UnityEngine.DebugLogHandler:Internal_Log (UnityEngine.LogType,UnityEngine.LogOption,string,UnityEngine.Object)
UnityEngine.DebugLogHandler:LogFormat (UnityEngine.LogType,UnityEngine.Object,string,object[])
UnityEngine.Logger:Log (UnityEngine.LogType,object)
UnityEngine.Debug:LogWarning (object)
UnityEditor.PlayerSettingsBatchingWarning:WarnIfDynamicBatchingEnabled ()
UnityEditor.EditorApplication:Internal_CallUpdateFunctions ()

Created GICache directory at C:/Users/elli0/AppData/LocalLow/Unity/Caches/GiCache. Took: 0.019s, timestamps: [25.557 - 25.576]
[Licensing::Client] Successfully resolved entitlement details
[Licensing::Client] Successfully updated the access token
[Licensing::Module] Successfully updated access token: "3B8JsUaz"... (expires: 2026-08-10T20:15:05Z)
[Licensing::Client] Successfully resolved entitlement details
Asset Pipeline Refresh (id=fc8fa91f8a5b28a469ca65be1ab18061): Total: 0.007 seconds - Initiated by RefreshV2(AllowForceSynchronousImport)
Start Indexing on Editor startup
[Indexing] Starting Initial Indexing for Assets
UPID Received '850f50a1-7776-48ba-9d96-564e37f3acd9'.
[Licensing::Client] Successfully resolved entitlement details
Starting new worker id: 1 with log in C:/Users/elli0/Documents/GitHub/Multiplayer/Logs/AssetImportWorkerHW1.log
Reloading assemblies for play mode.
Reloading assemblies after forced synchronous recompile.
Begin MonoManager ReloadAssembly
Symbol file LoadedFromMemory is not a mono symbol file
Refreshing native plugins compatible for Editor in 3.08 ms, found 3 plugins.
Native extension for WindowsStandalone target not found
Native extension for WebGL target not found
Worker ready: AssetImportWorkerHW1 1
ScheduleIndexationOnStartup MainProcess:True IndexOnStartup:True
[MODES] ModeService[none].Initialize
[MODES] ModeService[none].LoadModes
Mono: successfully reloaded assembly
- Finished resetting the current domain, in  1.655 seconds
Domain Reload Profiling: 2884ms
	BeginReloadAssembly (912ms)
		DisableScriptedObjects (127ms)
		CreateAndSetChildDomain (467ms)
	RebuildCommonClasses (12ms)
	RebuildNativeTypeToScriptingClass (18ms)
	initialDomainReloadingComplete (97ms)
	LoadAllAssembliesAndSetupDomain (190ms)
		LoadAssemblies (157ms)
		AnalyzeDomain (15ms)
			TypeCache.Refresh (8ms)
			ResolveRequiredComponents (3ms)
	FinalizeReload (1656ms)
		SetupLoadedEditorAssemblies (0ms)
			InitializePlatformSupportModulesInManaged (3ms)
			BeforeProcessingInitializeOnLoad (107ms)
			ProcessInitializeOnLoadAttributes (263ms)
			ProcessInitializeOnLoadMethodAttributes (249ms)
			AfterProcessingInitializeOnLoad (6ms)
		AwakeInstancesAfterBackupRestoration (577ms)
No restricted APIs configured; Validation skipped.
Checking 20 assemblies for restricted APIs found 0 usage(s) in 4 ms
Refreshing native plugins compatible for Editor in 3.08 ms, found 3 plugins.

Asset Pipeline Refresh (id=0adcc80ffc13da841ab42d88f90f8c05): Total: 3.564 seconds - Initiated by StopAssetImportingV2(ForceSynchronousImport | ForceDomainReload)
	(Values over 0.05ms)
	Summary:
		Imports: total=0 (actual=0, local cache=0, cache server=0)
		Asset DB Process Time: managed=0 ms, native=1911 ms
		Asset DB Callback time: managed=166 ms, native=189 ms
		Scripting: domain reloads=1, domain reload time=1294 ms, compile time=2 ms, other=0 ms
		Project Asset Count: scripts=935, non-scripts=2196
		Asset File Changes: new=0, changed=0, moved=0, deleted=0
		Scan Filter Count: 0
	InvokePackagesCallback: 2.769ms
	ApplyChangesToAssetFolders: 0.255ms
	Collect global state as custom dependencies: 1.196ms
	ProcessAssetsWithTransientArtifactChanges: 141.883ms
	CategorizeAssets: 28.203ms
	CompileScripts: 2.089ms
	ImportOutOfDateAssets: 1692.207ms (1673.168ms without children)
		CollectScriptTypesHashes: 0.418ms
		ReloadNativeAssets: 0.286ms
		UnloadImportedAssets: 1.941ms
		EnsureUptoDateAssetsAreRegisteredWithGuidPM: 0.780ms
		ImportSchedulerStart: 16.014ms
	PostProcessAllAssets: 351.122ms
		AssemblyValidation.PostprocessAllAssets 27.426ms
		PostProcessCallbackCreateDeferredMaterials 11.789ms
		ShaderAssetModifiedCallback 6.506ms
		RaytracingShaderImportPostprocess 6.468ms
		ComputeShaderImportPostprocess 6.053ms
		SpeedTreeImporter.PostprocessAllAssets 4.974ms
		BlockShaderImporter.PostprocessAllAssets 2.539ms
		LocalizationDatabase.AssetDatabasePostprocessCallback 2.401ms
		XRBuildSystem.XRAssetImported 0.906ms
		MonoPostProcessAllAssets: 165.447ms
			AssetPostprocessorProxy.OnPostprocessAllAssets 23.542ms
			AssetPostprocessor.OnPostprocessAllAssets 23.198ms
			NetworkPrefabProcessor.OnPostprocessAllAssets 14.949ms
			TextAssetPostProcessor.OnPostprocessAllAssets 14.680ms
			AssetChangedListener.OnPostprocessAllAssets 10.001ms
			BuilderAssetPostprocessor.OnPostprocessAllAssets 6.923ms
			WindowAssetPostprocessingWatcher.OnPostprocessAllAssets 6.604ms
			SpeedTree9Postprocessor.OnPostprocessAllAssets 3.247ms
			RetainedModeAssetPostprocessor.OnPostprocessAllAssets 1.705ms
			SyncVS.PostprocessSyncProject 1.425ms
			ArtifactBrowserPostProcessor.OnPostprocessAllAssets 0.639ms
			StyleCatalogPostProcessor.OnPostprocessAllAssets 0.540ms
			UVCSAssetPostprocessor.OnPostprocessAllAssets 0.499ms
			TMPro_TexturePostProcessor.OnPostprocessAllAssets 0.429ms
			EditModeScopePostprocessor.OnPostprocessAllAssets 0.403ms
			AudioMixerPostprocessor.OnPostprocessAllAssets 0.377ms
			ReferencedClipsPostProcessor.OnPostprocessAllAssets 0.323ms
			SpeedTreePostProcessor.OnPostprocessAllAssets 0.306ms
			AssetEvents.OnPostprocessAllAssets 0.264ms
			TerrainToolbarOverlayPostProcessor.OnPostprocessAllAssets 0.199ms
			AssetDatabaseCallbacks.OnPostprocessAllAssets 0.169ms
			ConfigAssetsTracker.OnPostprocessAllAssets 0.166ms
			ScenarioDriftAssetsTracker.OnPostprocessAllAssets 0.143ms
			AssetReloadNotifier.OnPostprocessAllAssets 0.138ms
			RenderPipelineGlobalSettingsPostprocessor.OnPostprocessAllAssets 0.117ms
			AudioContainerPostProcessor.OnPostprocessAllAssets 0.091ms
	PostAssetChangesProfiler: 4.467ms
	GatherAllCurrentPrimaryImportResultRevisions: 0.388ms
	UnloadStreamsBegin: 2.778ms
	PersistCurrentRevisions: 0.110ms
	GenerateScriptTypeHashes: 1.524ms
	GenerateScriptTypeSerializationHashes: 2.633ms
	Untracked: 1331.363ms

Loaded scene 'Temp/__Backupscenes/0.backup'
	Deserialize:            1.374 ms
	Integration:            325.997 ms
	Integration of assets:  0.002 ms
	Thread Wait Time:       0.031 ms
	Total Operation Time:   327.403 ms
[Licensing::Client] Successfully resolved entitlement details
Warboard Custodes Model Pack loaded: 104 indexed objects.
UnityEngine.Debug:ExtractStackTraceNoAlloc (byte*,int,string)
UnityEngine.StackTraceUtility:ExtractStackTrace ()
UnityEngine.DebugLogHandler:Internal_Log (UnityEngine.LogType,UnityEngine.LogOption,string,UnityEngine.Object)
UnityEngine.DebugLogHandler:LogFormat (UnityEngine.LogType,UnityEngine.Object,string,object[])
UnityEngine.Logger:Log (UnityEngine.LogType,object)
UnityEngine.Debug:Log (object)
CustodesModelPackResolver:EnsureLoaded () (at Assets/Scripts/Core/CustodesModelPackResolver.cs:24)
CustodesModelPackResolver:TryResolve (string,string,int) (at Assets/Scripts/Core/CustodesModelPackResolver.cs:119)
ModelVisualRegistry:Resolve (string,string,int) (at Assets/Scripts/Core/ModelVisualRegistry.cs:771)
SquadController:CreateModels () (at Assets/Scripts/Core/SquadController.cs:311)
SquadController:Initialize (UnitData) (at Assets/Scripts/Core/SquadController.cs:283)
GameController:SpawnSquad (string,UnityEngine.Vector3) (at Assets/Scripts/Core/GameController.Core.cs:455)
GameController:LoadArmy (string) (at Assets/Scripts/Core/GameController.Setup.cs:222)
GameController:LoadBuiltInTestArmies () (at Assets/Scripts/Core/GameController.Core.cs:485)
GameController:OnGUI () (at Assets/Scripts/Core/GameController.UI.cs:3571)

(Filename: Assets/Scripts/Core/CustodesModelPackResolver.cs Line: 24)

Warboard Aeldari Model Pack loaded from Resources/Armies/Models/Aeldari: 209 indexed objects.
UnityEngine.Debug:ExtractStackTraceNoAlloc (byte*,int,string)
UnityEngine.StackTraceUtility:ExtractStackTrace ()
UnityEngine.DebugLogHandler:Internal_Log (UnityEngine.LogType,UnityEngine.LogOption,string,UnityEngine.Object)
UnityEngine.DebugLogHandler:LogFormat (UnityEngine.LogType,UnityEngine.Object,string,object[])
UnityEngine.Logger:Log (UnityEngine.LogType,object)
UnityEngine.Debug:Log (object)
ModelVisualRegistry:EnsurePackLoaded () (at Assets/Scripts/Core/ModelVisualRegistry.cs:146)
ModelVisualRegistry:TryResolvePack (string,string,int) (at Assets/Scripts/Core/ModelVisualRegistry.cs:404)
ModelVisualRegistry:Resolve (string,string,int) (at Assets/Scripts/Core/ModelVisualRegistry.cs:781)
SquadController:CreateModels () (at Assets/Scripts/Core/SquadController.cs:311)
SquadController:Initialize (UnitData) (at Assets/Scripts/Core/SquadController.cs:283)
GameController:SpawnSquad (string,UnityEngine.Vector3) (at Assets/Scripts/Core/GameController.Core.cs:455)
GameController:LoadArmy (string) (at Assets/Scripts/Core/GameController.Setup.cs:222)
GameController:LoadBuiltInTestArmies () (at Assets/Scripts/Core/GameController.Core.cs:485)
GameController:OnGUI () (at Assets/Scripts/Core/GameController.UI.cs:3571)

(Filename: Assets/Scripts/Core/ModelVisualRegistry.cs Line: 146)

WARBOARD V50: built 16 standard 11e terrain-area footprints; 6 are terrain objectives.
UnityEngine.Debug:ExtractStackTraceNoAlloc (byte*,int,string)
UnityEngine.StackTraceUtility:ExtractStackTrace ()
UnityEngine.DebugLogHandler:Internal_Log (UnityEngine.LogType,UnityEngine.LogOption,string,UnityEngine.Object)
UnityEngine.DebugLogHandler:LogFormat (UnityEngine.LogType,UnityEngine.Object,string,object[])
UnityEngine.Logger:Log (UnityEngine.LogType,object)
UnityEngine.Debug:Log (object)
GameController:BuildAndBindStandardTerrainAreas50 () (at Assets/Scripts/Core/GameController.V50TerrainAreaBattlefield.cs:239)
GameController:ApplyMissionBattlefieldLayout (int) (at Assets/Scripts/Core/GameController.Missions.cs:116)
GameController:FinishArmyLoading () (at Assets/Scripts/Core/GameController.Setup.cs:523)
GameController:DrawMissionSetupPanel () (at Assets/Scripts/Core/GameController.UI.cs:4066)
GameController:OnGUI () (at Assets/Scripts/Core/GameController.UI.cs:3406)

(Filename: Assets/Scripts/Core/GameController.V50TerrainAreaBattlefield.cs Line: 239)

TrimDiskCacheJob: Current cache size 0mb
Asset Pipeline Refresh (id=dcd09a315876f234ab22542662890bb6): Total: 0.020 seconds - Initiated by RefreshV2(NoUpdateAssetOptions)
MonoPathRemapper: Attempts to remap: 38590; Successful remaps: 10334
Serialized file version minimum: 23, current 23
[LAYOUT] About to save layout C:\Users\elli0\Documents\GitHub\Multiplayer\UserSettings\Layouts\default-6000.dwlt
[LAYOUT] About to save layout C:/Users/elli0/AppData/Roaming/Unity/Editor-5.x/Preferences\Layouts\current\default-6000.dwlt
[Physics::Module] Cleanup current backend.
[Physics::Module] Id: 0xf2b8ea05
Input System module state changed to: ShutdownInProgress.
Input Polling Thread exited.
Input System module state changed to: Shutdown.
[Licensing::IpcConnector] LicenseClient-elli0-6000.5.7-notifications channel disconnected successfully.
[Licensing::IpcConnector] LicenseClient-elli0-6000.5.7 channel disconnected successfully.
Shut down.
AcceleratorClientConnectionCallback - disconnected - :0
Cleanup mono
CodeReloadManager destroyed
abort_threads: Failed aborting id: 0000000000001B6C, mono_thread_manage will ignore it

abort_threads: Failed aborting id: 0000000000001854, mono_thread_manage will ignore it

abort_threads: Failed aborting id: 0000000000001B6C, mono_thread_manage will ignore it

abort_threads: Failed aborting id: 0000000000001854, mono_thread_manage will ignore it

debugger-agent: Unable to listen on 5648
Checking for leaked weakptr:
  Found no leaked weakptrs.
[Package Manager] Server process was shutdown
##utp:{"type":"MemoryLeaks","version":2,"phase":"Immediate","time":1786391025169,"processId":37356,"allocatedMemory":50155571,"memoryLabels":[{"Default":198343},{"Permanent":15516},{"NewDelete":66689},{"Thread":4197560},{"Manager":32805},{"VertexData":8},{"Geometry":816},{"Texture":24},{"Shader":845495},{"Material":24},{"GfxDevice":55328},{"Animation":952},{"Audio":1168},{"FreeType":8},{"FontEngine":736},{"Physics":2146},{"Physics2D":16},{"Serialization":94888},{"Input":42840},{"JobScheduler":256},{"TextLib":19030},{"Mono":310},{"ScriptingNativeRuntime":1635940},{"BaseObject":1698250},{"Resource":1208},{"Renderer":3080},{"Transform":4685},{"File":4009},{"WebCam":616},{"Culling":32},{"Terrain":11442},{"Wind":24},{"STL":40},{"String":10180},{"StaticString":3808},{"Utility":2673426},{"Curl":48},{"PoolAlloc":2216},{"AI":80},{"TypeTree":17269},{"CodeReload":448},{"RuntimeInitializeOnLoadManager":64},{"Sprites":102},{"SpriteAtlas":120},{"GI":7816},{"Director":8296},{"CloudService":7352},{"WebRequest":9370},{"VR":47114},{"SceneManager":608},{"Video":208},{"LazyScriptCache":32},{"NativeArray":33042880},{"Camera":17},{"Secure":265},{"SerializationCache":1576},{"APIUpdating":10320},{"Subsystems":336},{"VirtualTexturing":57888},{"StaticSafetyDebugInfo":278528},{"Analytics":552},{"Hierarchy":1176},{"UIElements":185192},{"CoreStats":13688},{"Identifiers":6768},{"Gui":315},{"EditorUtility":211481},{"VersionControl":8},{"Undo":931},{"AssetDatabase":4568447},{"AssetImporter":40},{"EditorGi":328},{"UnityConnect":35345},{"Upm":1988},{"UpmDiagnostics":8},{"AssetCompliance":64},{"DrivenProperties":72},{"LocalIPC":211},{"ProfilerEditor":9746},{"CoreBusinessMetrics":3480},{"Windowing":456},{"Licensing":664},{"AssetReference":32},{"IPCStream":32}]}
