[Licensing::Module] Trying to connect to existing licensing client channel...
Built from '6000.5/staging' branch; Version is '6000.5.7f1 (017862109af0) revision 96354'; Using compiler version '194234433'; Build Type 'Release'
[Licensing::IpcConnector] Successfully connected to: "LicenseClient-elli0" at "2026-08-11T07:52:10.8163324Z"
OS: 'Windows 11  (10.0.26200) Professional' Language: 'en' Physical Memory: 15681 MB
BatchMode: 0, IsHumanControllingUs: 1, StartBugReporterOnCrash: 1, Is64bit: 1
System  architecture: x64
Process architecture: x64
Date: 2026-08-11T07:52:10Z

COMMAND LINE ARGUMENTS:
C:\Program Files\Unity\Hub\Editor\6000.5.7f1\Editor\Unity.exe
-projectpath
C:\Users\elli0\Documents\GitHub\Multiplayer
-acceptSoftwareTermsForThisRunOnly
-useHub
-hubIPC
-cloudEnvironment
production
-licensingIpc
LicenseClient-elli0
-hubSessionId
0b4f232c-1762-4864-b0d6-9d5283ca21f2
-accessToken
fuSupsUC9OzxF_2gSWal45dcAo1OIUEJYdJY4ogaNmQ005f
Successfully changed project path to: C:\Users\elli0\Documents\GitHub\Multiplayer
C:/Users/elli0/Documents/GitHub/Multiplayer
[UnityMemory] Configuration Parameters - Can be set up in boot.config
    "memorysetup-temp-allocator-size-gi-baking-worker=262144"
    "memorysetup-temp-allocator-size-gi-baking-worker=262144"
    "memorysetup-temp-allocator-size-gi-baking-worker=262144"
    "memorysetup-temp-allocator-size-gi-baking-worker=262144"
    "memorysetup-temp-allocator-size-gi-baking-worker=262144"
    "memorysetup-temp-allocator-size-nav-mesh-worker=65536"
    "memorysetup-temp-allocator-size-audio-worker=65536"
    "memorysetup-temp-allocator-size-cloud-worker=32768"
    "memorysetup-temp-allocator-size-gfx=262144"
    "memorysetup-temp-allocator-size-preload-manager=33554432"
    "memorysetup-allocator-temp-initial-block-size-main=262144"
    "memorysetup-allocator-temp-initial-block-size-worker=262144"
    "memorysetup-temp-allocator-size-job-worker=262144"
    "memorysetup-temp-allocator-size-background-worker=32768"
    "memorysetup-bucket-allocator-granularity=16"
    "memorysetup-bucket-allocator-bucket-count=8"
    "memorysetup-bucket-allocator-block-size=33554432"
    "memorysetup-bucket-allocator-block-count=8"
    "memorysetup-main-allocator-block-size=16777216"
    "memorysetup-thread-allocator-block-size=16777216"
    "memorysetup-main-allocator-mimalloc-enabled=0"
    "memorysetup-gfx-main-allocator-block-size=16777216"
    "memorysetup-gfx-thread-allocator-block-size=16777216"
    "memorysetup-cache-allocator-block-size=4194304"
    "memorysetup-typetree-allocator-block-size=2097152"
    "memorysetup-profiler-bucket-allocator-granularity=16"
    "memorysetup-profiler-bucket-allocator-bucket-count=8"
    "memorysetup-profiler-bucket-allocator-block-size=33554432"
    "memorysetup-profiler-bucket-allocator-block-count=8"
    "memorysetup-profiler-allocator-block-size=16777216"
    "memorysetup-profiler-editor-allocator-block-size=1048576"
    "memorysetup-temp-allocator-size-main=16777216"
    "memorysetup-job-temp-allocator-block-size=2097152"
    "memorysetup-job-temp-allocator-block-size-background=1048576"
    "memorysetup-job-temp-allocator-reduction-small-platforms=262144"
Player connection [24560]  Target information:

Player connection [24560]  * "[IP] 192.168.1.228 [Port] 55504 [Flags] 2 [Guid] 3001153491 [EditorId] 3001153491 [Version] 1048832 [Id] WindowsEditor(7,Elliot_Laptop) [Debug] 1 [PackageName] WindowsEditor [ProjectName] Editor" 

Player connection [24560] Host joined multi-casting on [225.0.0.222:54997]...
Player connection [24560] Host joined alternative multi-casting on [225.0.0.222:34997]...
Input System module state changed to: Initialized.
[Physics::Module] Initialized fallback backend.
[Physics::Module] Id: 0xdecafbad
[Licensing::Client] Error: HandshakeResponse reported an error:
	ResponseCode: 505
	ResponseStatus: Unsupported protocol version '1.18.1'.
[Licensing::Module] Error: Failed to handshake to channel: "LicenseClient-elli0"
[Licensing::IpcConnector] LicenseClient-elli0 channel disconnected successfully.
[Licensing::IpcConnector] Channel LicenseClient-elli0-6000.5.7 doesn't exist
[Licensing::Module] Successfully launched the LicensingClient (PId: 22884)
[Package Manager] Connected to IPC stream "Upm-33796" after 0.6 seconds.
[Licensing::Module] Licensing is not yet initialized.
Starting IPC server.
Waiting for clients to connect on \\.\pipe\Unity-LicenseClient-elli0-6000.5.7, press Ctrl-C to exit.
[Licensing::IpcConnector] Successfully connected to: "LicenseClient-elli0-6000.5.7" at "2026-08-11T07:52:14.3893717Z"
[Licensing::Client] Code 10 while verifying Licensing Client signature (process Id: 22884, path: "C:/Program Files/Unity/Hub/Editor/6000.5.7f1/Editor/Data/Resources/Licensing/Client/Unity.Licensing.Client.exe")
[Licensing::Module] LicensingClient has failed validation; ignoring
[Licensing::Client] Handshaking with LicensingClient:
  Version:                 1.18.1+9fbee8e
  Session Id:              0f68f8adfddf40bc80da2dc6a9717d0b
  Correlation Id:          e032e6c087e8bc94347b859cc670ff3d
  External correlation Id: 5019762990927476950
  Machine Id:              JOUP1U45KtUV8sm1s/K3HmNb45Q=
[Licensing::Module] Successfully connected to LicensingClient on channel: "LicenseClient-elli0-6000.5.7" (connect: 0.85s, validation: 0.32s, handshake: 0.02s)
[Licensing::IpcConnector] Successfully connected to: "LicenseClient-elli0-6000.5.7-notifications" at "2026-08-11T07:52:14.7293399Z"
[Licensing::Module] Connected to LicensingClient (PId: 22884, launch time: 0.08, total connection time: 1.19s)
[Licensing::Client] Successfully updated the access token
[Licensing::Module] Successfully updated the access token fuSupsUC9O...
[Licensing::Client] Successfully resolved entitlement details
[Licensing::Module] License group:
  Id: 5774099461094-UnityPersXXXX
  Product: Unity Personal
  Type: Assigned
  Expiration: Unlimited
[Licensing::Client] Successfully updated license, isAsync: True, time: 0.02
[Licensing::Client] Successfully resolved entitlement details
[Licensing::Module] Licensing Background thread has ended after 4.03s
[Licensing::Module] Licensing is initialized (took 1.02s).
[Licensing::Client] Successfully resolved entitlement details
Library Redirect Path: Library/
[Physics::Module] Selected backend.
[Physics::Module] Name: PhysX
[Physics::Module] Id: 0xf2b8ea05
[Physics::Module] SDK Version: 4.1.2
[Physics::Module] Integration Version: 1.0.0
[Physics::Module] Threading Mode: Multi-Threaded
Active build profile path: `Assets/Settings/Build Profiles/Windows.asset`
Got setting from build profile YAML, name `m_BuildTarget`, value `19`
Got setting from build profile YAML, name `m_Subtarget`, value `2`
Refreshing native plugins compatible for Editor in 5.99 ms, found 0 plugins.
Initialize engine version: 6000.5.7f1 (017862109af0)
[Subsystems] Discovering subsystems at path C:/Program Files/Unity/Hub/Editor/6000.5.7f1/Editor/Data/Resources/UnitySubsystems
[Subsystems] Discovering subsystems at path C:/Users/elli0/Documents/GitHub/Multiplayer/Assets
[D3D12 Device Filter] Vendor Name: ATI
[D3D12 Device Filter] Device Name: AMD Radeon (TM) Graphics
[D3D12 Device Filter] Driver Version: 31.0.21923.3003
[D3D12 Device Filter] Feature Level: 12.1
[D3D12 Device Filter] Graphics Memory: 7840 MB
[D3D12 Device Filter] Processor Count: 12
[D3D12 Device Filter] Device Type: Integrated
[D3D12 Device Filter] D3D12 API denied by user filter: {"Vendor": "ATI", "Device Type:": Integrated}
GfxDevice: creating device client; kGfxThreadingModeThreaded
Direct3D:
    Version:  Direct3D 11.0 [level 11.1]
    Renderer: AMD Radeon (TM) Graphics (ID=0x15e7)
    Vendor:   ATI
    VRAM:     7840 MB
    Driver:   31.0.21923.3003
Initialize mono
Mono path[0] = 'C:/Program Files/Unity/Hub/Editor/6000.5.7f1/Editor/Data/Managed'
Mono path[1] = 'C:/Program Files/Unity/Hub/Editor/6000.5.7f1/Editor/Data/BCLExtensions/runtime/netstandard2.1'
Mono path[2] = 'C:/Program Files/Unity/Hub/Editor/6000.5.7f1/Editor/Data/MonoBleedingEdge/lib/mono/unityjit-win32'
Mono config path = 'C:/Program Files/Unity/Hub/Editor/6000.5.7f1/Editor/Data/MonoBleedingEdge/etc'
Using monoOptions --debugger-agent=transport=dt_socket,embedding=1,server=y,suspend=n,address=127.0.0.1:56796
CodeReloadManager initialized
ImportWorker Server TCP listen port: 0
AcceleratorClientConnectionCallback - disconnected - :0
Begin MonoManager ReloadAssembly
Registering precompiled unity dll's ...
Register platform support module: C:/Program Files/Unity/Hub/Editor/6000.5.7f1/Editor/Data/PlaybackEngines/WebGLSupport/UnityEditor.WebGL.Extensions.dll
Register platform support module: C:/Program Files/Unity/Hub/Editor/6000.5.7f1/Editor/Data/PlaybackEngines/WindowsStandaloneSupport/UnityEditor.WindowsStandalone.Extensions.dll
Registered in 0.007919 seconds.
Native extension for WindowsStandalone target not found
Native extension for WebGL target not found
Package Manager log level set to [2]
ScheduleIndexationOnStartup MainProcess:False IndexOnStartup:True
Mono: successfully reloaded assembly
- Finished resetting the current domain, in  1.244 seconds
Domain Reload Profiling: 2672ms
	BeginReloadAssembly (364ms)
		CreateAndSetChildDomain (17ms)
	RebuildCommonClasses (14ms)
	RebuildNativeTypeToScriptingClass (47ms)
	initialDomainReloadingComplete (179ms)
	LoadAllAssembliesAndSetupDomain (815ms)
		LoadAssemblies (339ms)
		AnalyzeDomain (601ms)
			TypeCache.Refresh (599ms)
				TypeCache.ScanAssembly (561ms)
	FinalizeReload (1253ms)
		SetupLoadedEditorAssemblies (0ms)
			InitializePlatformSupportModulesInManaged (7ms)
			BeforeProcessingInitializeOnLoad (264ms)
			ProcessInitializeOnLoadAttributes (298ms)
			ProcessInitializeOnLoadMethodAttributes (463ms)
[Licensing::Client] Successfully resolved entitlement details
Application.AssetDatabase Initial Refresh Start
[Package Manager] Restoring resolved packages state from cache
[Licensing::Client] Successfully resolved entitlement details
[Package Manager] Registered 29 packages:
  Packages from [https://packages.unity.com]:
    com.unity.netcode.gameobjects@2.13.1 (location: C:\Users\elli0\Documents\GitHub\Multiplayer\Library\PackageCache\com.unity.netcode.gameobjects@d43d28498f17)
    com.unity.services.cloud-build@2.0.8 (location: C:\Users\elli0\Documents\GitHub\Multiplayer\Library\PackageCache\com.unity.services.cloud-build@235f37f57c39)
    com.unity.services.multiplayer@2.1.3 (location: C:\Users\elli0\Documents\GitHub\Multiplayer\Library\PackageCache\com.unity.services.multiplayer@01ce6abde85b)
    com.unity.services.qos@1.4.1 (location: C:\Users\elli0\Documents\GitHub\Multiplayer\Library\PackageCache\com.unity.services.qos@03d4b52d4980)
    com.unity.services.core@1.18.0 (location: C:\Users\elli0\Documents\GitHub\Multiplayer\Library\PackageCache\com.unity.services.core@3464cb68d709)
    com.unity.services.wire@1.4.4 (location: C:\Users\elli0\Documents\GitHub\Multiplayer\Library\PackageCache\com.unity.services.wire@aba8a6fb1fe2)
    com.unity.services.deployment@1.7.2 (location: C:\Users\elli0\Documents\GitHub\Multiplayer\Library\PackageCache\com.unity.services.deployment@c07c64f9804b)
    com.unity.nuget.newtonsoft-json@3.2.2 (location: C:\Users\elli0\Documents\GitHub\Multiplayer\Library\PackageCache\com.unity.nuget.newtonsoft-json@4dfd81071c64)
    com.unity.services.authentication@3.7.3 (location: C:\Users\elli0\Documents\GitHub\Multiplayer\Library\PackageCache\com.unity.services.authentication@4e591ebe4d6b)
    com.unity.collab-proxy@2.13.5 (location: C:\Users\elli0\Documents\GitHub\Multiplayer\Library\PackageCache\com.unity.collab-proxy@120d77864ebc)
    com.unity.nuget.mono-cecil@1.11.6 (location: C:\Users\elli0\Documents\GitHub\Multiplayer\Library\PackageCache\com.unity.nuget.mono-cecil@ecb9724e46ff)
    com.unity.services.deployment.api@1.1.3 (location: C:\Users\elli0\Documents\GitHub\Multiplayer\Library\PackageCache\com.unity.services.deployment.api@9becf6da0f1a)
    com.unity.burst@1.8.30 (location: C:\Users\elli0\Documents\GitHub\Multiplayer\Library\PackageCache\com.unity.burst@2f3d916873ea)
    com.unity.test-framework.performance@3.5.0 (location: C:\Users\elli0\Documents\GitHub\Multiplayer\Library\PackageCache\com.unity.test-framework.performance@8b56083ec0f0)
  Built-in packages:
    com.unity.modules.imgui@1.0.0 (location: C:\Users\elli0\Documents\GitHub\Multiplayer\Library\PackageCache\com.unity.modules.imgui)
    com.unity.modules.jsonserialize@1.0.0 (location: C:\Users\elli0\Documents\GitHub\Multiplayer\Library\PackageCache\com.unity.modules.jsonserialize)
    com.unity.modules.physics@1.0.0 (location: C:\Users\elli0\Documents\GitHub\Multiplayer\Library\PackageCache\com.unity.modules.physics)
    com.unity.modules.unitywebrequest@1.0.0 (location: C:\Users\elli0\Documents\GitHub\Multiplayer\Library\PackageCache\com.unity.modules.unitywebrequest)
    com.unity.transport@6.5.0 (location: C:\Users\elli0\Documents\GitHub\Multiplayer\Library\PackageCache\com.unity.transport@0c07c94c2861)
    com.unity.collections@6.5.0 (location: C:\Users\elli0\Documents\GitHub\Multiplayer\Library\PackageCache\com.unity.collections@ec2c217e4cb2)
    com.unity.ugui@2.5.0 (location: C:\Users\elli0\Documents\GitHub\Multiplayer\Library\PackageCache\com.unity.ugui@67707a67a4ab)
    com.unity.modules.androidjni@1.0.0 (location: C:\Users\elli0\Documents\GitHub\Multiplayer\Library\PackageCache\com.unity.modules.androidjni)
    com.unity.test-framework@1.7.0 (location: C:\Users\elli0\Documents\GitHub\Multiplayer\Library\PackageCache\com.unity.test-framework@1405238725ab)
    com.unity.mathematics@1.4.0 (location: C:\Users\elli0\Documents\GitHub\Multiplayer\Library\PackageCache\com.unity.mathematics@981956d94fb6)
    com.unity.modules.ui@1.0.0 (location: C:\Users\elli0\Documents\GitHub\Multiplayer\Library\PackageCache\com.unity.modules.ui)
    com.unity.modules.audio@1.0.0 (location: C:\Users\elli0\Documents\GitHub\Multiplayer\Library\PackageCache\com.unity.modules.audio)
    com.unity.modules.physics2d@1.0.0 (location: C:\Users\elli0\Documents\GitHub\Multiplayer\Library\PackageCache\com.unity.modules.physics2d)
    com.unity.ext.nunit@2.1.0 (location: C:\Users\elli0\Documents\GitHub\Multiplayer\Library\PackageCache\com.unity.ext.nunit@44f7d31723bd)
    com.unity.modules.physicscore2d@1.0.0 (location: C:\Users\elli0\Documents\GitHub\Multiplayer\Library\PackageCache\com.unity.modules.physicscore2d)
[Subsystems] No new subsystems found in resolved package list.
[Package Manager] Done registering packages in 0.03 seconds
[ScriptCompilation] Requested script compilation because: AssetDatabase observed changes in script compilation related files
info: Microsoft.Hosting.Lifetime[14]
      Now listening on: http://localhost:80
info: Microsoft.Hosting.Lifetime[0]
      Application started. Press Ctrl+C to shut down.
info: Microsoft.Hosting.Lifetime[0]
      Hosting environment: Production
info: Microsoft.Hosting.Lifetime[0]
      Content root path: C:\Users\elli0\Documents\GitHub\Multiplayer
info: Microsoft.AspNetCore.Hosting.Diagnostics[1]
      Request starting HTTP/2 POST http://ilpp/UnityILPP.PostProcessing/Ping - application/grpc -
info: Microsoft.AspNetCore.Routing.EndpointMiddleware[0]
      Executing endpoint 'gRPC - /UnityILPP.PostProcessing/Ping'
info: Microsoft.AspNetCore.Routing.EndpointMiddleware[1]
      Executed endpoint 'gRPC - /UnityILPP.PostProcessing/Ping'
info: Microsoft.AspNetCore.Hosting.Diagnostics[2]
      Request finished HTTP/2 POST http://ilpp/UnityILPP.PostProcessing/Ping - 200 - application/grpc 70.0949ms
Starting: C:\Program Files\Unity\Hub\Editor\6000.5.7f1\Editor\Data\Tools\BuildPipeline\bee_backend.exe --ipc --defer-dag-verification --dagfile="Library/Bee/1900b0aE.dag" --continue-on-failure --profile="Library/Bee/backend1.traceevents" ScriptAssemblies
WorkingDir: C:/Users/elli0/Documents/GitHub/Multiplayer
info: Microsoft.AspNetCore.Hosting.Diagnostics[1]
      Request starting HTTP/2 POST http://ilpp/UnityILPP.PostProcessing/ConfigurePostProcessors - application/grpc -
info: Microsoft.AspNetCore.Routing.EndpointMiddleware[0]
      Executing endpoint 'gRPC - /UnityILPP.PostProcessing/ConfigurePostProcessors'
warn: Unity.ILPP.Runner.PostProcessingAssemblyLoadContext[0]
      Assembly system.runtime.interopservices.windowsruntime has duplicate hint path. Ignoring "C:\Program Files\Unity\Hub\Editor\6000.5.7f1\Editor\Data\UnityReferenceAssemblies\unity-4.8-api\Facades\System.Runtime.InteropServices.WindowsRuntime.dll" in favor of "C:\Program Files\Unity\Hub\Editor\6000.5.7f1\Editor\Data\NetStandard\Extensions\2.0.0\System.Runtime.InteropServices.WindowsRuntime.dll"
warn: Unity.ILPP.Runner.PostProcessingAssemblyLoadContext[0]
      Assembly system.componentmodel.composition has duplicate hint path. Ignoring "C:\Program Files\Unity\Hub\Editor\6000.5.7f1\Editor\Data\UnityReferenceAssemblies\unity-4.8-api\System.ComponentModel.Composition.dll" in favor of "C:\Program Files\Unity\Hub\Editor\6000.5.7f1\Editor\Data\NetStandard\compat\2.1.0\shims\netfx\System.ComponentModel.Composition.dll"
info: Unity.ILPP.Runner.PostProcessingAssemblyLoadContext[0]
      Resolved Unity.Burst.Cecil, Version=0.11.6.0, Culture=neutral, PublicKeyToken=50cebf1cceb9d05e with Library\PackageCache\com.unity.burst@2f3d916873ea\Unity.Burst.CodeGen\Unity.Burst.Cecil.dll
info: Unity.ILPP.Runner.PostProcessingAssemblyLoadContext[0]
      Resolved Mono.Cecil, Version=0.11.5.0, Culture=neutral, PublicKeyToken=50cebf1cceb9d05e with Library\PackageCache\com.unity.nuget.mono-cecil@ecb9724e46ff\Mono.Cecil.dll
info: Microsoft.AspNetCore.Routing.EndpointMiddleware[1]
      Executed endpoint 'gRPC - /UnityILPP.PostProcessing/ConfigurePostProcessors'
info: Microsoft.AspNetCore.Hosting.Diagnostics[2]
      Request finished HTTP/2 POST http://ilpp/UnityILPP.PostProcessing/ConfigurePostProcessors - 200 - application/grpc 150.6588ms
ExitCode: 4 Duration: 0s833ms
Rebuilding DAG because FileSignature timestamp changed: Library/Bee/1900b0aE-inputdata.json
[649/821    0s] ILPP-Configuration Library/ilpp-configuration.nevergeneratedoutput
*** Tundra requires additional run (0.71 seconds), 1 items updated, 648 evaluated
Starting: C:\Program Files\Unity\Hub\Editor\6000.5.7f1\Editor\Data\netcorerun\netcorerun.exe "C:\Program Files\Unity\Hub\Editor\6000.5.7f1\Editor\Data\Tools\BuildPipeline\ScriptCompilationBuildProgram.exe" "Library/Bee/1900b0aE.dag.json" "Library/Bee/1900b0aE-inputdata.json" "Library\Bee\buildprogram0.traceevents"
WorkingDir: C:/Users/elli0/Documents/GitHub/Multiplayer
ExitCode: 0 Duration: 2s725ms
Starting: C:\Program Files\Unity\Hub\Editor\6000.5.7f1\Editor\Data\Tools\BuildPipeline\bee_backend.exe --ipc --defer-dag-verification --dagfile="Library/Bee/1900b0aE.dag" --continue-on-failure --dagfilejson="Library\Bee\1900b0aE.dag.json" --profile="Library/Bee/backend2.traceevents" ScriptAssemblies
WorkingDir: C:/Users/elli0/Documents/GitHub/Multiplayer
info: Microsoft.AspNetCore.Hosting.Diagnostics[1]
      Request starting HTTP/2 POST http://ilpp/UnityILPP.PostProcessing/ConfigurePostProcessors - application/grpc -
info: Microsoft.AspNetCore.Routing.EndpointMiddleware[0]
      Executing endpoint 'gRPC - /UnityILPP.PostProcessing/ConfigurePostProcessors'
info: Unity.ILPP.Runner.PostProcessingAssemblyLoadContext[0]
      Current configuration matches the requested one, skipping
info: Microsoft.AspNetCore.Routing.EndpointMiddleware[1]
      Executed endpoint 'gRPC - /UnityILPP.PostProcessing/ConfigurePostProcessors'
info: Microsoft.AspNetCore.Hosting.Diagnostics[2]
      Request finished HTTP/2 POST http://ilpp/UnityILPP.PostProcessing/ConfigurePostProcessors - 200 - application/grpc 11.8603ms
info: Microsoft.AspNetCore.Hosting.Diagnostics[1]
      Request starting HTTP/2 POST http://ilpp/UnityILPP.PostProcessing/PostProcessAssembly - application/grpc -
info: Microsoft.AspNetCore.Routing.EndpointMiddleware[0]
      Executing endpoint 'gRPC - /UnityILPP.PostProcessing/PostProcessAssembly'
info: Unity.ILPP.Runner.PostProcessingPipeline[0]
      Processing assembly Library/Bee/artifacts/1900b0aE.dag/Assembly-CSharp.dll, with 141 defines and 283 references
info: Unity.ILPP.Runner.PostProcessingPipeline[0]
      processors: Unity.Jobs.CodeGen.JobsILPostProcessor, Unity.Netcode.Editor.CodeGen.INetworkMessageILPP, Unity.Netcode.Editor.CodeGen.INetworkSerializableILPP, Unity.Netcode.Editor.CodeGen.NetworkBehaviourILPP, Unity.Netcode.Editor.CodeGen.RuntimeAccessModifiersILPP, zzzUnity.Burst.CodeGen.BurstILPostProcessor
info: Unity.ILPP.Runner.PostProcessingPipeline[0]
      running Unity.Jobs.CodeGen.JobsILPostProcessor
info: Unity.ILPP.Runner.PostProcessingAssemblyLoadContext[0]
      Resolved Unity.Collections, Version=0.0.0.0, Culture=neutral, PublicKeyToken=null with Library\Bee\artifacts\1900b0aE.dag\Unity.Collections.dll
info: Microsoft.AspNetCore.Hosting.Diagnostics[1]
      Request starting HTTP/2 POST http://ilpp/UnityILPP.PostProcessing/PostProcessAssembly - application/grpc -
info: Microsoft.AspNetCore.Routing.EndpointMiddleware[0]
      Executing endpoint 'gRPC - /UnityILPP.PostProcessing/PostProcessAssembly'
info: Unity.ILPP.Runner.PostProcessingPipeline[0]
      Processing assembly Library/Bee/artifacts/1900b0aE.dag/Assembly-CSharp-Editor.dll, with 139 defines and 330 references
info: Unity.ILPP.Runner.PostProcessingPipeline[0]
      processors: Unity.Jobs.CodeGen.JobsILPostProcessor, Unity.Netcode.Editor.CodeGen.INetworkMessageILPP, Unity.Netcode.Editor.CodeGen.INetworkSerializableILPP, Unity.Netcode.Editor.CodeGen.NetworkBehaviourILPP, Unity.Netcode.Editor.CodeGen.RuntimeAccessModifiersILPP, zzzUnity.Burst.CodeGen.BurstILPostProcessor
info: Unity.ILPP.Runner.PostProcessingPipeline[0]
      running Unity.Jobs.CodeGen.JobsILPostProcessor
info: Unity.ILPP.Runner.PostProcessingAssemblyLoadContext[0]
      Resolved UnityEditor.CoreModule, Version=0.0.0.0, Culture=neutral, PublicKeyToken=null with C:\Program Files\Unity\Hub\Editor\6000.5.7f1\Editor\Data\Managed\UnityEngine\UnityEditor.CoreModule.dll
info: Unity.ILPP.Runner.PostProcessingAssemblyLoadContext[0]
      Resolved UnityEngine.CoreModule, Version=0.0.0.0, Culture=neutral, PublicKeyToken=null with C:\Program Files\Unity\Hub\Editor\6000.5.7f1\Editor\Data\Managed\UnityEngine\UnityEngine.CoreModule.dll
info: Unity.ILPP.Runner.PostProcessingAssemblyLoadContext[0]
      Resolved Unity.Scripting, Version=0.0.0.0, Culture=neutral, PublicKeyToken=null with C:\Program Files\Unity\Hub\Editor\6000.5.7f1\Editor\Data\Managed\UnityEngine\Unity.Scripting.dll
info: Unity.ILPP.Runner.PostProcessingPipeline[0]
      running Unity.Netcode.Editor.CodeGen.INetworkMessageILPP
info: Unity.ILPP.Runner.PostProcessingPipeline[0]
      running Unity.Netcode.Editor.CodeGen.INetworkMessageILPP
info: Unity.ILPP.Runner.PostProcessingPipeline[0]
      running Unity.Netcode.Editor.CodeGen.INetworkSerializableILPP
info: Unity.ILPP.Runner.PostProcessingPipeline[0]
      running Unity.Netcode.Editor.CodeGen.INetworkSerializableILPP
info: Unity.ILPP.Runner.PostProcessingAssemblyLoadContext[0]
      Resolved Unity.Netcode.Runtime, Version=0.0.0.0, Culture=neutral, PublicKeyToken=null with Library\Bee\artifacts\1900b0aE.dag\Unity.Netcode.Runtime.dll
info: Unity.ILPP.Runner.PostProcessingPipeline[0]
      running Unity.Netcode.Editor.CodeGen.NetworkBehaviourILPP
info: Unity.ILPP.Runner.PostProcessingPipeline[0]
      running Unity.Netcode.Editor.CodeGen.NetworkBehaviourILPP
info: Unity.ILPP.Runner.PostProcessingPipeline[0]
      running Unity.Netcode.Editor.CodeGen.RuntimeAccessModifiersILPP
info: Unity.ILPP.Runner.PostProcessingPipeline[0]
      running zzzUnity.Burst.CodeGen.BurstILPostProcessor
info: Unity.ILPP.Runner.PostProcessingAssemblyLoadContext[0]
      Resolved Mono.Cecil.Rocks, Version=0.11.5.0, Culture=neutral, PublicKeyToken=50cebf1cceb9d05e with Library\PackageCache\com.unity.nuget.mono-cecil@ecb9724e46ff\Mono.Cecil.Rocks.dll
info: Unity.ILPP.Runner.PostProcessingAssemblyLoadContext[0]
      Resolved Unity.Burst.Cecil.Rocks, Version=0.11.6.0, Culture=neutral, PublicKeyToken=50cebf1cceb9d05e with Library\PackageCache\com.unity.burst@2f3d916873ea\Unity.Burst.CodeGen\Unity.Burst.Cecil.Rocks.dll
info: Microsoft.AspNetCore.Routing.EndpointMiddleware[1]
      Executed endpoint 'gRPC - /UnityILPP.PostProcessing/PostProcessAssembly'
info: Microsoft.AspNetCore.Hosting.Diagnostics[2]
      Request finished HTTP/2 POST http://ilpp/UnityILPP.PostProcessing/PostProcessAssembly - 200 - application/grpc 1568.9917ms
info: Unity.ILPP.Runner.PostProcessingPipeline[0]
      running Unity.Netcode.Editor.CodeGen.RuntimeAccessModifiersILPP
info: Unity.ILPP.Runner.PostProcessingPipeline[0]
      running zzzUnity.Burst.CodeGen.BurstILPostProcessor
info: Microsoft.AspNetCore.Routing.EndpointMiddleware[1]
      Executed endpoint 'gRPC - /UnityILPP.PostProcessing/PostProcessAssembly'
info: Microsoft.AspNetCore.Hosting.Diagnostics[2]
      Request finished HTTP/2 POST http://ilpp/UnityILPP.PostProcessing/PostProcessAssembly - 200 - application/grpc 2323.5029ms
ExitCode: 0 Duration: 15s
Finished compiling graph: 824 nodes, 14698 flattened edges (11826 ToBuild, 124 ToUse), maximum node priority 953
[456/821    0s] WriteText Library/Bee/artifacts/1900b0aE.dag/Assembly-CSharp.rsp
[647/821    0s] ILPP-Configuration Library/ilpp-configuration.nevergeneratedoutput
[BUSY       6s] Csc Library/Bee/artifacts/1900b0aE.dag/Assembly-CSharp.dll (+2 others)
[813/821    9s] Csc Library/Bee/artifacts/1900b0aE.dag/Assembly-CSharp.dll (+2 others)
Assets\Scripts\Core\CoreRules11Completion.cs(46,16): warning CS0618: 'Object.FindObjectsOfType<T>()' is obsolete: 'Object.FindObjectsOfType has been deprecated. Use Object.FindObjectsByType instead which lets you decide whether you need the results sorted or not.  FindObjectsOfType sorts the results by InstanceID but if you do not need this using FindObjectSortMode.None is considerably faster.'

Assets\Scripts\Core\WarboardV45PhysicalSideTrays.cs(146,19): warning CS0618: 'FindObjectsSortMode' is obsolete: 'FindObjectsSortMode has been deprecated. Use the FindObjectsByType overloads that do not take a FindObjectsSortMode parameter.'

Assets\Scripts\Core\WarboardV45PhysicalSideTrays.cs(142,13): warning CS0618: 'Object.FindObjectsByType<T>(FindObjectsInactive, FindObjectsSortMode)' is obsolete: 'FindObjectsByType with FindObjectsSortMode parameter has been deprecated. Use FindObjectsByType<T>() or FindObjectsByType<T>(FindObjectsInactive) instead. InstanceID will be replaced in the future with EntityId and previous sort order cannot be maintained.'

Assets\Scripts\Core\GameController.V50TerrainAreaBattlefield.cs(33,17): warning CS0618: 'FindObjectsSortMode' is obsolete: 'FindObjectsSortMode has been deprecated. Use the FindObjectsByType overloads that do not take a FindObjectsSortMode parameter.'

Assets\Scripts\Core\GameController.V50TerrainAreaBattlefield.cs(30,13): warning CS0618: 'Object.FindObjectsByType<T>(FindObjectsSortMode)' is obsolete: 'FindObjectsByType with FindObjectsSortMode parameter has been deprecated. Use FindObjectsByType<T>() or FindObjectsByType<T>(FindObjectsInactive) instead. InstanceID will be replaced in the future with EntityId and previous sort order cannot be maintained.'

Assets\Scripts\Core\GameController.V48CoreAlignment.cs(12,18): warning CS0414: The field 'GameController.v48ChargeCommandRerolled' is assigned but its value is never used
[814/821    0s] Csc Library/Bee/artifacts/1900b0aE.dag/Assembly-CSharp-Editor.dll (+2 others)
[815/821    1s] ILPostProcess Library/Bee/artifacts/1900b0aE.dag/post-processed/Assembly-CSharp-Editor.dll (+pdb)
Processing assembly Library/Bee/artifacts/1900b0aE.dag/Assembly-CSharp-Editor.dll, with 139 defines and 330 references

processors: Unity.Jobs.CodeGen.JobsILPostProcessor, Unity.Netcode.Editor.CodeGen.INetworkMessageILPP, Unity.Netcode.Editor.CodeGen.INetworkSerializableILPP, Unity.Netcode.Editor.CodeGen.NetworkBehaviourILPP, Unity.Netcode.Editor.CodeGen.RuntimeAccessModifiersILPP, zzzUnity.Burst.CodeGen.BurstILPostProcessor

running Unity.Jobs.CodeGen.JobsILPostProcessor

running Unity.Netcode.Editor.CodeGen.INetworkMessageILPP

running Unity.Netcode.Editor.CodeGen.INetworkSerializableILPP

running Unity.Netcode.Editor.CodeGen.NetworkBehaviourILPP

running Unity.Netcode.Editor.CodeGen.RuntimeAccessModifiersILPP

running zzzUnity.Burst.CodeGen.BurstILPostProcessor
[816/821    0s] CopyFiles Library/ScriptAssemblies/Assembly-CSharp-Editor.pdb
[817/821    0s] CopyFiles Library/ScriptAssemblies/Assembly-CSharp-Editor.dll
[818/821    2s] ILPostProcess Library/Bee/artifacts/1900b0aE.dag/post-processed/Assembly-CSharp.dll (+pdb)
Processing assembly Library/Bee/artifacts/1900b0aE.dag/Assembly-CSharp.dll, with 141 defines and 283 references

processors: Unity.Jobs.CodeGen.JobsILPostProcessor, Unity.Netcode.Editor.CodeGen.INetworkMessageILPP, Unity.Netcode.Editor.CodeGen.INetworkSerializableILPP, Unity.Netcode.Editor.CodeGen.NetworkBehaviourILPP, Unity.Netcode.Editor.CodeGen.RuntimeAccessModifiersILPP, zzzUnity.Burst.CodeGen.BurstILPostProcessor

running Unity.Jobs.CodeGen.JobsILPostProcessor

running Unity.Netcode.Editor.CodeGen.INetworkMessageILPP

running Unity.Netcode.Editor.CodeGen.INetworkSerializableILPP

running Unity.Netcode.Editor.CodeGen.NetworkBehaviourILPP

running Unity.Netcode.Editor.CodeGen.RuntimeAccessModifiersILPP

running zzzUnity.Burst.CodeGen.BurstILPostProcessor
[819/821    0s] CopyFiles Library/ScriptAssemblies/Assembly-CSharp.pdb
[820/821    0s] CopyFiles Library/ScriptAssemblies/Assembly-CSharp.dll
*** Tundra build success (15.29 seconds), 10 items updated, 821 evaluated
Assets\Scripts\Core\CoreRules11Completion.cs(46,16): warning CS0618: 'Object.FindObjectsOfType<T>()' is obsolete: 'Object.FindObjectsOfType has been deprecated. Use Object.FindObjectsByType instead which lets you decide whether you need the results sorted or not.  FindObjectsOfType sorts the results by InstanceID but if you do not need this using FindObjectSortMode.None is considerably faster.'
Assets\Scripts\Core\WarboardV45PhysicalSideTrays.cs(146,19): warning CS0618: 'FindObjectsSortMode' is obsolete: 'FindObjectsSortMode has been deprecated. Use the FindObjectsByType overloads that do not take a FindObjectsSortMode parameter.'
Assets\Scripts\Core\WarboardV45PhysicalSideTrays.cs(142,13): warning CS0618: 'Object.FindObjectsByType<T>(FindObjectsInactive, FindObjectsSortMode)' is obsolete: 'FindObjectsByType with FindObjectsSortMode parameter has been deprecated. Use FindObjectsByType<T>() or FindObjectsByType<T>(FindObjectsInactive) instead. InstanceID will be replaced in the future with EntityId and previous sort order cannot be maintained.'
Assets\Scripts\Core\GameController.V50TerrainAreaBattlefield.cs(33,17): warning CS0618: 'FindObjectsSortMode' is obsolete: 'FindObjectsSortMode has been deprecated. Use the FindObjectsByType overloads that do not take a FindObjectsSortMode parameter.'
Assets\Scripts\Core\GameController.V50TerrainAreaBattlefield.cs(30,13): warning CS0618: 'Object.FindObjectsByType<T>(FindObjectsSortMode)' is obsolete: 'FindObjectsByType with FindObjectsSortMode parameter has been deprecated. Use FindObjectsByType<T>() or FindObjectsByType<T>(FindObjectsInactive) instead. InstanceID will be replaced in the future with EntityId and previous sort order cannot be maintained.'
Assets\Scripts\Core\GameController.V48CoreAlignment.cs(12,18): warning CS0414: The field 'GameController.v48ChargeCommandRerolled' is assigned but its value is never used
Total cache size 69356940
Total cache size after purge 69356940, took 00:00:00.3955266
AssetDatabase: script compilation time: 21.115697s
Begin MonoManager ReloadAssembly
Symbol file LoadedFromMemory is not a mono symbol file
Importing 'GUID: ac620b0356086b74b8d0ceb8d5200b3b - Path: Assets/Resources/WarboardV54Terrain' with importer (DefaultImporter)
Imported 'GUID: ac620b0356086b74b8d0ceb8d5200b3b' -> (Import Result ID: 'a7ddf144f4dd330ce364547f3c80944a') in 0.070 seconds [static dependencies only]. Details - ImportResultOutputID=76053d781ae6359de8d48a15a5afb205 DependenciesID=5dcccde8c4003f4459e7c9eaa0839940 StaticDependenciesID=ccc45bb5837381ddde9c1f8231b3594b 
Refreshing native plugins compatible for Editor in 19.96 ms, found 3 plugins.
Native extension for WindowsStandalone target not found
Native extension for WebGL target not found
Refreshing native plugins compatible for Editor in 8.12 ms, found 3 plugins.
ScheduleIndexationOnStartup MainProcess:True IndexOnStartup:True
Mono: successfully reloaded assembly
- Finished resetting the current domain, in  6.259 seconds
Domain Reload Profiling: 8403ms
	BeginReloadAssembly (530ms)
		DisableScriptedObjects (75ms)
		CreateAndSetChildDomain (81ms)
	RebuildCommonClasses (30ms)
	RebuildNativeTypeToScriptingClass (39ms)
	initialDomainReloadingComplete (216ms)
	LoadAllAssembliesAndSetupDomain (1325ms)
		LoadAssemblies (847ms)
		AnalyzeDomain (432ms)
			TypeCache.Refresh (323ms)
				TypeCache.ScanAssembly (298ms)
			BuildScriptInfoCaches (103ms)
			ResolveRequiredComponents (4ms)
	FinalizeReload (6262ms)
		SetupLoadedEditorAssemblies (0ms)
			InitializePlatformSupportModulesInManaged (5ms)
			BeforeProcessingInitializeOnLoad (233ms)
			ProcessInitializeOnLoadAttributes (4758ms)
			ProcessInitializeOnLoadMethodAttributes (824ms)
			AfterProcessingInitializeOnLoad (17ms)
		AwakeInstancesAfterBackupRestoration (46ms)
Importing 'GUID: b2773daa20b96064092d5877193fd552 - Path: Assets/Resources/WarboardV54Terrain/v54_floor_rust_b.png' with importer (TextureImporter)
Imported 'GUID: b2773daa20b96064092d5877193fd552' -> (Import Result ID: '74dfff617539f63f49528251e222a363') in 0.090 seconds [static and dynamic dependencies]. Details - ImportResultOutputID=6c60f6fa20a3aad565f07c65fd4b25eb DependenciesID=39335da9a75e83b16bceadca8ac485bf StaticDependenciesID=d6e855065dbafe1a559ecd061a0833a4 
Importing 'GUID: 98eb679c31f12344eab9427f275df24f - Path: Assets/Resources/WarboardV54Terrain/v54_floor_stone_a.png' with importer (TextureImporter)
Imported 'GUID: 98eb679c31f12344eab9427f275df24f' -> (Import Result ID: '30f7657cf36e0e908aa2a4819b96ade4') in 0.047 seconds [static and dynamic dependencies]. Details - ImportResultOutputID=f28867b7f2266ddf03082e30d143f51d DependenciesID=bc6b682e4d4c987576925a78975f23e3 StaticDependenciesID=3aa5795b1f0cf203c52a72344a40ffcd 
Importing 'GUID: fac812c838e681349b28c39da729a421 - Path: Assets/Resources/WarboardV54Terrain/v54_floor_rust_a.png' with importer (TextureImporter)
Imported 'GUID: fac812c838e681349b28c39da729a421' -> (Import Result ID: '372d61bfab6bc030b0f80f4a7db1f8a2') in 0.053 seconds [static and dynamic dependencies]. Details - ImportResultOutputID=3917e44d94860bd6056a890ef58abd8d DependenciesID=71ee0dd3a0ccc1b1734340742447539e StaticDependenciesID=c590946bede0255d3ebbf27166c239f1 
Importing 'GUID: 8ea9b03f30ec72b48a0dbbbc5204de8e - Path: Assets/Resources/WarboardV54Terrain/v54_floor_metal_a.png' with importer (TextureImporter)
Imported 'GUID: 8ea9b03f30ec72b48a0dbbbc5204de8e' -> (Import Result ID: '8b440a484eb41b51f9192dc862bba2ad') in 0.055 seconds [static and dynamic dependencies]. Details - ImportResultOutputID=a7a33bfee82af993672ecdf69a9e6356 DependenciesID=a16c141fc8548a406bd9e09f0375b410 StaticDependenciesID=403418095d96ce1b5fbb669e8ff57e7b 
Starting new worker id: 0 with log in C:/Users/elli0/Documents/GitHub/Multiplayer/Logs/AssetImportWorkerHW0.log
Refreshing native plugins compatible for Editor in 6.62 ms, found 3 plugins.

Asset Pipeline Refresh (id=3f0aa69d9ff78844080bdd0ddbbe4a6b): Total: 31.594 seconds - Initiated by InitialRefreshV2(ForceSynchronousImport)
	(Values over 0.05ms)
	Summary:
		Imports: total=5 (actual=5, local cache=0, cache server=0)
		Asset DB Process Time: managed=11 ms, native=7717 ms
		Asset DB Callback time: managed=317 ms, native=50 ms
		Scripting: domain reloads=1, domain reload time=2267 ms, compile time=21120 ms, other=108 ms
		Project Asset Count: scripts=936, non-scripts=2201
		Asset File Changes: new=6, changed=6, moved=0, deleted=0
		Scan Filter Count: 0
	InvokePackagesCallback: 40.837ms
	ApplyChangesToAssetFolders: 1.127ms
	Scan: 288.293ms
	Collect global state as custom dependencies: 30.878ms
	OnSourceAssetsModified: 2.303ms
	CategorizeScriptCompilationAssets: 87.073ms
	ProcessAssetsWithTransientArtifactChanges: 128.424ms
	CategorizeAssets: 64.226ms
	CompileScripts: 21119.872ms
	ImportOutOfDateAssets: 6764.191ms (6339.605ms without children)
		ImportManagerImport: 329.066ms (9.031ms without children)
			UpdateCategorizedAssets: 0.180ms
		UnloadImportedAssets: 2.748ms
		EnsureUptoDateAssetsAreRegisteredWithGuidPM: 1.131ms
		ImportSchedulerStart: 91.621ms
	PostProcessAllAssets: 319.788ms
		XRBuildSystem.XRAssetImported 1.638ms
		VersionControlSettings.HiddenFilePostprocess 0.422ms
		PostProcessCallbackCreateDeferredMaterials 0.108ms
		ShaderAssetModifiedCallback 0.056ms
		MonoPostProcessAllAssets: 314.507ms
			AssetPostprocessorProxy.OnPostprocessAllAssets 49.887ms
			AssetPostprocessor.OnPostprocessAllAssets 39.360ms
			StyleCatalogPostProcessor.OnPostprocessAllAssets 37.771ms
			WindowAssetPostprocessingWatcher.OnPostprocessAllAssets 23.423ms
			BuilderAssetPostprocessor.OnPostprocessAllAssets 15.769ms
			AssetChangedListener.OnPostprocessAllAssets 13.805ms
			NetworkPrefabProcessor.OnPostprocessAllAssets 7.697ms
			TextAssetPostProcessor.OnPostprocessAllAssets 6.301ms
			SyncVS.PostprocessSyncProject 4.037ms
			RetainedModeAssetPostprocessor.OnPostprocessAllAssets 2.796ms
			EditModeScopePostprocessor.OnPostprocessAllAssets 2.499ms
			SpeedTree9Postprocessor.OnPostprocessAllAssets 2.379ms
			ArtifactBrowserPostProcessor.OnPostprocessAllAssets 1.262ms
			TMPro_TexturePostProcessor.OnPostprocessAllAssets 1.114ms
			UVCSAssetPostprocessor.OnPostprocessAllAssets 0.860ms
			AudioMixerPostprocessor.OnPostprocessAllAssets 0.760ms
			TerrainToolbarOverlayPostProcessor.OnPostprocessAllAssets 0.694ms
			ReferencedClipsPostProcessor.OnPostprocessAllAssets 0.636ms
			AssetEvents.OnPostprocessAllAssets 0.576ms
			AssetDatabaseCallbacks.OnPostprocessAllAssets 0.476ms
			SpeedTreePostProcessor.OnPostprocessAllAssets 0.432ms
			ConfigAssetsTracker.OnPostprocessAllAssets 0.377ms
			ScenarioDriftAssetsTracker.OnPostprocessAllAssets 0.376ms
			AssetReloadNotifier.OnPostprocessAllAssets 0.244ms
			AudioContainerPostProcessor.OnPostprocessAllAssets 0.203ms
			RenderPipelineGlobalSettingsPostprocessor.OnPostprocessAllAssets 0.200ms
	PostAssetChangesProfiler: 10.820ms
	UnloadStreamsBegin: 3.920ms
	PersistCurrentRevisions: 3.204ms
	GenerateScriptTypeHashes: 3.414ms
	GenerateScriptTypeSerializationHashes: 6.562ms
	Untracked: 2714.924ms

Application.AssetDatabase Initial Refresh End
Launched and connected shader compiler UnityShaderCompiler.exe after 0.05 seconds
Scanning for USB devices : 2.991ms
Initializing Unity extensions:
[MODES] ModeService[none].Initialize
[MODES] ModeService[none].LoadModes
[MODES] Loading mode Default (0) for mode-current-id-Warboard_Unity6_v26_1_ReservePlacementFix_FLAT
Unloading 3 Unused Serialized files (Serialized files now loaded: 0)
Loaded scene 'Assets/Ghost model.unity'
	Deserialize:            3.240 ms
	Integration:            468.419 ms
	Integration of assets:  0.004 ms
	Thread Wait Time:       0.030 ms
	Total Operation Time:   471.693 ms
Unloading 4240 unused Assets / (2.0 MB). Loaded Objects now: 4860.
Memory consumption went from 320.2 MB to 318.2 MB.
Total: 27.076000 ms (FindLiveObjects: 0.890300 ms CreateObjectMapping: 2.531600 ms MarkObjects: 15.649100 ms  DeleteObjects: 4.411500 ms)

[LAYOUT] About to load UserSettings\Layouts\default-6000.dwlt, keepMainWindow=False
[LAYOUT] About to save layout C:\Users\elli0\Documents\GitHub\Multiplayer\UserSettings\Layouts\default-6000.dwlt
[LAYOUT] About to save layout C:/Users/elli0/AppData/Roaming/Unity/Editor-5.x/Preferences\Layouts\current\default-6000.dwlt
[MODES] ModeService[default].InitializeCurrentMode
[MODES] ModeService[default].RaiseModeChanged(default, default)
This project uses Input Manager, which is marked for deprecation. To manage input in your project, use the <a href="https://docs.unity3d.com/Packages/com.unity.inputsystem@latest">Input System package</a> instead.
<RI> Initializing input.
XInput1_3.dll not found. Trying XInput9_1_0.dll instead...
<RI> Input initialized.
D3D11 device created for Microsoft Media Foundation video decoding.
[Project] Loading completed in 44.517 seconds
	Project init time: 				40.955 seconds
		Template init time: 		0.000 seconds
		Package Manager init time: 		1.636 seconds
		Asset Database init time: 		1.164 seconds
		Global illumination init time: 	0.015 seconds
		Assemblies load time: 			2.876 seconds
		Unity extensions init time: 	0.038 seconds
		Asset Database refresh time: 	31.595 seconds
	Scene opening time: 			3.081 seconds
##utp:{"type":"ProjectInfo","version":2,"phase":"Immediate","time":1786434775313,"processId":33796,"projectLoad":44.517434400000009,"projectInit":40.9545827,"templateInit":0.0,"packageManagerInit":1.6355555,"assetDatabaseInit":1.1637266,"globalIlluminationInit":0.0151033,"assembliesLoad":2.8755371,"unityExtensionsInit":0.0381704,"assetDatabaseRefresh":31.5951451,"sceneOpening":3.0808395}
##utp:{"type":"EditorInfo","version":2,"phase":"Immediate","time":1786434775314,"processId":33796,"editorVersion":"6000.5.7f1 (017862109af0)","branch":"6000.5/staging","buildType":"Release","platform":"Windows"}
Worker ready: AssetImportWorkerHW0 0
Asset Pipeline Refresh (id=66990f703f79851478fd0eee5eb341ae): Total: 0.100 seconds - Initiated by RefreshV2(AllowForceSynchronousImport)
Dynamic Batching is deprecated and will be removed in a future release. Use GPU Instancing instead. Disable Dynamic Batching in Project Settings > Player > Other Settings to remove this warning.
UnityEngine.Debug:ExtractStackTraceNoAlloc (byte*,int,string)
UnityEngine.StackTraceUtility:ExtractStackTrace ()
UnityEngine.DebugLogHandler:Internal_Log (UnityEngine.LogType,UnityEngine.LogOption,string,UnityEngine.Object)
UnityEngine.DebugLogHandler:LogFormat (UnityEngine.LogType,UnityEngine.Object,string,object[])
UnityEngine.Logger:Log (UnityEngine.LogType,object)
UnityEngine.Debug:LogWarning (object)
UnityEditor.PlayerSettingsBatchingWarning:WarnIfDynamicBatchingEnabled ()
UnityEditor.EditorApplication:Internal_CallUpdateFunctions ()

Start Indexing on Editor startup
[Indexing] Starting Initial Indexing for Assets
Created GICache directory at C:/Users/elli0/AppData/LocalLow/Unity/Caches/GiCache. Took: 0.050s, timestamps: [46.473 - 46.523]
[Licensing::Client] Successfully resolved entitlement details
[Licensing::Client] Successfully resolved entitlement details
[Licensing::Client] Successfully updated the access token
[Licensing::Module] Successfully updated access token: "fuSupsUC"... (expires: 2026-08-11T09:49:36Z)
UPID Received '850f50a1-7776-48ba-9d96-564e37f3acd9'.
Starting new worker id: 1 with log in C:/Users/elli0/Documents/GitHub/Multiplayer/Logs/AssetImportWorkerHW1.log
Starting new worker id: 2 with log in C:/Users/elli0/Documents/GitHub/Multiplayer/Logs/AssetImportWorkerHW2.log
[Licensing::Client] Successfully resolved entitlement details
[Worker0] Imported GUID: 98eb679c31f12344eab9427f275df24f - Path: Assets/Resources/WarboardV54Terrain/v54_floor_stone_a.png - Importer: ScriptedImporter/UnityEditor.QuickSearchModule:UnityEditor.Search:ASIAI0B -> (ImportResultId: '5323b90437d5f358893b1893c7b78fec') in 0.3626965 seconds
[Worker0] Imported GUID: 8ea9b03f30ec72b48a0dbbbc5204de8e - Path: Assets/Resources/WarboardV54Terrain/v54_floor_metal_a.png - Importer: ScriptedImporter/UnityEditor.QuickSearchModule:UnityEditor.Search:ASIAI0B -> (ImportResultId: '14e31be47e7b4238809b0147b427bf05') in 0.019032 seconds
[Worker0] Imported GUID: ac620b0356086b74b8d0ceb8d5200b3b - Path: Assets/Resources/WarboardV54Terrain - Importer: ScriptedImporter/UnityEditor.QuickSearchModule:UnityEditor.Search:ASIAI0B -> (ImportResultId: 'd6841a9832d68f388feee000b0ee44e6') in 0.0091015 seconds
[Worker0] Imported GUID: fac812c838e681349b28c39da729a421 - Path: Assets/Resources/WarboardV54Terrain/v54_floor_rust_a.png - Importer: ScriptedImporter/UnityEditor.QuickSearchModule:UnityEditor.Search:ASIAI0B -> (ImportResultId: '3e63f3726a3840d68390707289b6b187') in 0.0223318 seconds
[Worker0] Imported GUID: b2773daa20b96064092d5877193fd552 - Path: Assets/Resources/WarboardV54Terrain/v54_floor_rust_b.png - Importer: ScriptedImporter/UnityEditor.QuickSearchModule:UnityEditor.Search:ASIAI0B -> (ImportResultId: 'b5a3475a7d1b5bb29a4336f966cc2be0') in 0.0261928 seconds
[Worker0] Imported GUID: 504d53cd749cf344dad564db6be82ab6 - Path: Assets/Scripts/Core/WarboardV54TerrainOverhaulBootstrap.cs - Importer: ScriptedImporter/UnityEditor.QuickSearchModule:UnityEditor.Search:ASIAI0B -> (ImportResultId: 'd35c1d8a1cbd9183ee8063bf64c6ef57') in 0.0241988 seconds
Reloading assemblies for play mode.
Reloading assemblies after forced synchronous recompile.
Begin MonoManager ReloadAssembly
Symbol file LoadedFromMemory is not a mono symbol file
Worker ready: AssetImportWorkerHW1 1
Worker ready: AssetImportWorkerHW2 2
Refreshing native plugins compatible for Editor in 8.55 ms, found 3 plugins.
Native extension for WindowsStandalone target not found
Native extension for WebGL target not found
ScheduleIndexationOnStartup MainProcess:True IndexOnStartup:True
[MODES] ModeService[none].Initialize
[MODES] ModeService[none].LoadModes
Mono: successfully reloaded assembly
- Finished resetting the current domain, in  3.714 seconds
Domain Reload Profiling: 5904ms
	BeginReloadAssembly (1430ms)
		DisableScriptedObjects (193ms)
		CreateAndSetChildDomain (732ms)
	RebuildCommonClasses (36ms)
	RebuildNativeTypeToScriptingClass (57ms)
	initialDomainReloadingComplete (253ms)
	LoadAllAssembliesAndSetupDomain (411ms)
		LoadAssemblies (394ms)
		AnalyzeDomain (32ms)
			TypeCache.Refresh (17ms)
			ResolveRequiredComponents (6ms)
	FinalizeReload (3717ms)
		SetupLoadedEditorAssemblies (0ms)
			InitializePlatformSupportModulesInManaged (6ms)
			BeforeProcessingInitializeOnLoad (258ms)
			ProcessInitializeOnLoadAttributes (622ms)
			ProcessInitializeOnLoadMethodAttributes (573ms)
			AfterProcessingInitializeOnLoad (18ms)
		AwakeInstancesAfterBackupRestoration (1293ms)
No restricted APIs configured; Validation skipped.
Checking 20 assemblies for restricted APIs found 0 usage(s) in 14 ms
Refreshing native plugins compatible for Editor in 10.79 ms, found 3 plugins.

Asset Pipeline Refresh (id=5e7e7787fa63fea49855c2775e079572): Total: 7.575 seconds - Initiated by StopAssetImportingV2(ForceSynchronousImport | ForceDomainReload)
	(Values over 0.05ms)
	Summary:
		Imports: total=0 (actual=0, local cache=0, cache server=0)
		Asset DB Process Time: managed=0 ms, native=4324 ms
		Asset DB Callback time: managed=444 ms, native=497 ms
		Scripting: domain reloads=1, domain reload time=2303 ms, compile time=5 ms, other=0 ms
		Project Asset Count: scripts=936, non-scripts=2201
		Asset File Changes: new=0, changed=0, moved=0, deleted=0
		Scan Filter Count: 0
	InvokePackagesCallback: 4.730ms
	ApplyChangesToAssetFolders: 0.350ms
	Collect global state as custom dependencies: 2.702ms
	ProcessAssetsWithTransientArtifactChanges: 347.432ms
	CategorizeAssets: 62.420ms
	CompileScripts: 4.586ms
	ImportOutOfDateAssets: 3805.082ms (3757.901ms without children)
		CollectScriptTypesHashes: 0.759ms
		ReloadNativeAssets: 0.429ms
		UnloadImportedAssets: 3.634ms
		EnsureUptoDateAssetsAreRegisteredWithGuidPM: 1.445ms
		ImportSchedulerStart: 41.643ms
	PostProcessAllAssets: 926.469ms
		AssemblyValidation.PostprocessAllAssets 54.335ms
		PostProcessCallbackCreateDeferredMaterials 27.440ms
		RaytracingShaderImportPostprocess 15.810ms
		ShaderAssetModifiedCallback 15.547ms
		ComputeShaderImportPostprocess 12.210ms
		SpeedTreeImporter.PostprocessAllAssets 12.200ms
		LocalizationDatabase.AssetDatabasePostprocessCallback 7.195ms
		BlockShaderImporter.PostprocessAllAssets 5.817ms
		XRBuildSystem.XRAssetImported 2.465ms
		MonoPostProcessAllAssets: 441.432ms
			AssetPostprocessorProxy.OnPostprocessAllAssets 65.727ms
			AssetPostprocessor.OnPostprocessAllAssets 63.445ms
			TextAssetPostProcessor.OnPostprocessAllAssets 38.947ms
			NetworkPrefabProcessor.OnPostprocessAllAssets 35.728ms
			AssetChangedListener.OnPostprocessAllAssets 28.354ms
			BuilderAssetPostprocessor.OnPostprocessAllAssets 18.382ms
			WindowAssetPostprocessingWatcher.OnPostprocessAllAssets 15.664ms
			SpeedTree9Postprocessor.OnPostprocessAllAssets 11.726ms
			RetainedModeAssetPostprocessor.OnPostprocessAllAssets 6.013ms
			SyncVS.PostprocessSyncProject 3.485ms
			ArtifactBrowserPostProcessor.OnPostprocessAllAssets 1.486ms
			UVCSAssetPostprocessor.OnPostprocessAllAssets 1.253ms
			StyleCatalogPostProcessor.OnPostprocessAllAssets 1.110ms
			SpeedTreePostProcessor.OnPostprocessAllAssets 1.037ms
			AudioMixerPostprocessor.OnPostprocessAllAssets 0.812ms
			TMPro_TexturePostProcessor.OnPostprocessAllAssets 0.767ms
			ReferencedClipsPostProcessor.OnPostprocessAllAssets 0.761ms
			EditModeScopePostprocessor.OnPostprocessAllAssets 0.735ms
			TerrainToolbarOverlayPostProcessor.OnPostprocessAllAssets 0.593ms
			AssetEvents.OnPostprocessAllAssets 0.573ms
			ConfigAssetsTracker.OnPostprocessAllAssets 0.525ms
			AssetDatabaseCallbacks.OnPostprocessAllAssets 0.393ms
			RenderPipelineGlobalSettingsPostprocessor.OnPostprocessAllAssets 0.336ms
			AssetReloadNotifier.OnPostprocessAllAssets 0.331ms
			ScenarioDriftAssetsTracker.OnPostprocessAllAssets 0.327ms
			AudioContainerPostProcessor.OnPostprocessAllAssets 0.202ms
	PostAssetChangesProfiler: 14.654ms
	GatherAllCurrentPrimaryImportResultRevisions: 0.456ms
	UnloadStreamsBegin: 3.521ms
	PersistCurrentRevisions: 0.206ms
	GenerateScriptTypeHashes: 3.417ms
	GenerateScriptTypeSerializationHashes: 6.247ms
	Untracked: 2389.834ms

ArgumentException: You can only call GUI functions from inside OnGUI.
  at UnityEngine.GUIUtility.CheckOnGUI () [0x00008] in <c9d7e00919f0460c88d57fd35c5274f5>:0 
  at UnityEngine.GUI.get_skin () [0x00000] in <c9d7e00919f0460c88d57fd35c5274f5>:0 
  at WarboardV54TerrainOverhaulBootstrap.Awake () [0x0001b] in C:\Users\elli0\Documents\GitHub\Multiplayer\Assets\Scripts\Core\WarboardV54TerrainOverhaulBootstrap.cs:90 
UnityEngine.GameObject:Internal_AddComponentWithType_Injected(IntPtr, Type)
UnityEngine.GameObject:Internal_AddComponentWithType(Type)
UnityEngine.GameObject:AddComponent(Type)
UnityEngine.GameObject:AddComponent()
WarboardV54TerrainOverhaulBootstrap:Install() (at Assets\Scripts\Core\WarboardV54TerrainOverhaulBootstrap.cs:82)

(Filename: Assets/Scripts/Core/WarboardV54TerrainOverhaulBootstrap.cs Line: 82)

Loaded scene 'Temp/__Backupscenes/0.backup'
	Deserialize:            3.068 ms
	Integration:            843.907 ms
	Integration of assets:  0.006 ms
	Thread Wait Time:       0.041 ms
	Total Operation Time:   847.022 ms
[Licensing::Client] Successfully resolved entitlement details
Asset Pipeline Refresh (id=02eab31284d46bc4d82eaa9323cc87ba): Total: 0.033 seconds - Initiated by RefreshV2(NoUpdateAssetOptions)
Warboard Custodes Model Pack loaded: 104 indexed objects.
UnityEngine.Debug:ExtractStackTraceNoAlloc (byte*,int,string)
UnityEngine.StackTraceUtility:ExtractStackTrace ()
UnityEngine.DebugLogHandler:Internal_Log (UnityEngine.LogType,UnityEngine.LogOption,string,UnityEngine.Object)
UnityEngine.DebugLogHandler:LogFormat (UnityEngine.LogType,UnityEngine.Object,string,object[])
UnityEngine.Logger:Log (UnityEngine.LogType,object)
UnityEngine.Debug:Log (object)
CustodesModelPackResolver:EnsureLoaded () (at Assets/Scripts/Core/CustodesModelPackResolver.cs:24)
CustodesModelPackResolver:TryResolve (string,string,int) (at Assets/Scripts/Core/CustodesModelPackResolver.cs:119)
ModelVisualRegistry:Resolve (string,string,int) (at Assets/Scripts/Core/ModelVisualRegistry.cs:771)
SquadController:CreateModels () (at Assets/Scripts/Core/SquadController.cs:311)
SquadController:Initialize (UnitData) (at Assets/Scripts/Core/SquadController.cs:283)
GameController:SpawnSquad (string,UnityEngine.Vector3) (at Assets/Scripts/Core/GameController.Core.cs:455)
GameController:LoadArmy (string) (at Assets/Scripts/Core/GameController.Setup.cs:222)
GameController:LoadBuiltInTestArmies () (at Assets/Scripts/Core/GameController.Core.cs:485)
GameController:OnGUI () (at Assets/Scripts/Core/GameController.UI.cs:3572)

(Filename: Assets/Scripts/Core/CustodesModelPackResolver.cs Line: 24)

Warboard Aeldari Model Pack loaded from Resources/Armies/Models/Aeldari: 209 indexed objects.
UnityEngine.Debug:ExtractStackTraceNoAlloc (byte*,int,string)
UnityEngine.StackTraceUtility:ExtractStackTrace ()
UnityEngine.DebugLogHandler:Internal_Log (UnityEngine.LogType,UnityEngine.LogOption,string,UnityEngine.Object)
UnityEngine.DebugLogHandler:LogFormat (UnityEngine.LogType,UnityEngine.Object,string,object[])
UnityEngine.Logger:Log (UnityEngine.LogType,object)
UnityEngine.Debug:Log (object)
ModelVisualRegistry:EnsurePackLoaded () (at Assets/Scripts/Core/ModelVisualRegistry.cs:146)
ModelVisualRegistry:TryResolvePack (string,string,int) (at Assets/Scripts/Core/ModelVisualRegistry.cs:404)
ModelVisualRegistry:Resolve (string,string,int) (at Assets/Scripts/Core/ModelVisualRegistry.cs:781)
SquadController:CreateModels () (at Assets/Scripts/Core/SquadController.cs:311)
SquadController:Initialize (UnitData) (at Assets/Scripts/Core/SquadController.cs:283)
GameController:SpawnSquad (string,UnityEngine.Vector3) (at Assets/Scripts/Core/GameController.Core.cs:455)
GameController:LoadArmy (string) (at Assets/Scripts/Core/GameController.Setup.cs:222)
GameController:LoadBuiltInTestArmies () (at Assets/Scripts/Core/GameController.Core.cs:485)
GameController:OnGUI () (at Assets/Scripts/Core/GameController.UI.cs:3572)

(Filename: Assets/Scripts/Core/ModelVisualRegistry.cs Line: 146)

TrimDiskCacheJob: Current cache size 0mb
WARBOARD V50: built 16 standard 11e terrain-area footprints; 6 are terrain objectives.
UnityEngine.Debug:ExtractStackTraceNoAlloc (byte*,int,string)
UnityEngine.StackTraceUtility:ExtractStackTrace ()
UnityEngine.DebugLogHandler:Internal_Log (UnityEngine.LogType,UnityEngine.LogOption,string,UnityEngine.Object)
UnityEngine.DebugLogHandler:LogFormat (UnityEngine.LogType,UnityEngine.Object,string,object[])
UnityEngine.Logger:Log (UnityEngine.LogType,object)
UnityEngine.Debug:Log (object)
GameController:BuildAndBindStandardTerrainAreas50 () (at Assets/Scripts/Core/GameController.V50TerrainAreaBattlefield.cs:239)
GameController:ApplyMissionBattlefieldLayout (int) (at Assets/Scripts/Core/GameController.Missions.cs:116)
GameController:FinishArmyLoading () (at Assets/Scripts/Core/GameController.Setup.cs:523)
GameController:DrawMissionSetupPanel () (at Assets/Scripts/Core/GameController.UI.cs:4069)
GameController:OnGUI () (at Assets/Scripts/Core/GameController.UI.cs:3407)

(Filename: Assets/Scripts/Core/GameController.V50TerrainAreaBattlefield.cs Line: 239)

Asset Pipeline Refresh (id=48618b91d118c0f45ae63cdb03fb7426): Total: 0.009 seconds - Initiated by RefreshV2(NoUpdateAssetOptions)
Asset Pipeline Refresh (id=886c65d8d2e26c84b80467c488e710fa): Total: 0.008 seconds - Initiated by RefreshV2(NoUpdateAssetOptions)
MonoPathRemapper: Attempts to remap: 38640; Successful remaps: 10334
Serialized file version minimum: 23, current 23
[LAYOUT] About to save layout C:\Users\elli0\Documents\GitHub\Multiplayer\UserSettings\Layouts\default-6000.dwlt
[LAYOUT] About to save layout C:/Users/elli0/AppData/Roaming/Unity/Editor-5.x/Preferences\Layouts\current\default-6000.dwlt
[Physics::Module] Cleanup current backend.
[Physics::Module] Id: 0xf2b8ea05
Input System module state changed to: ShutdownInProgress.
Input Polling Thread exited.
Input System module state changed to: Shutdown.
[Licensing::IpcConnector] LicenseClient-elli0-6000.5.7-notifications channel disconnected successfully.
[Licensing::IpcConnector] LicenseClient-elli0-6000.5.7 channel disconnected successfully.
Shut down.
AcceleratorClientConnectionCallback - disconnected - :0
Cleanup mono
CodeReloadManager destroyed
abort_threads: Failed aborting id: 0000000000003898, mono_thread_manage will ignore it

abort_threads: Failed aborting id: 0000000000007C20, mono_thread_manage will ignore it

abort_threads: Failed aborting id: 0000000000003898, mono_thread_manage will ignore it

abort_threads: Failed aborting id: 0000000000007C20, mono_thread_manage will ignore it

debugger-agent: Unable to listen on 4968
Checking for leaked weakptr:
  Found no leaked weakptrs.
[Package Manager] Server process was shutdown
##utp:{"type":"MemoryLeaks","version":2,"phase":"Immediate","time":1786434849859,"processId":33796,"allocatedMemory":50189491,"memoryLabels":[{"Default":205368},{"Permanent":15516},{"NewDelete":66689},{"Thread":4197560},{"Manager":32805},{"VertexData":8},{"Geometry":816},{"Texture":24},{"Shader":845495},{"Material":24},{"GfxDevice":55328},{"Animation":952},{"Audio":1168},{"FreeType":8},{"FontEngine":736},{"Physics":2146},{"Physics2D":16},{"Serialization":94888},{"Input":42840},{"JobScheduler":256},{"TextLib":19030},{"Mono":310},{"ScriptingNativeRuntime":1658172},{"BaseObject":1699786},{"Resource":1208},{"Renderer":3080},{"Transform":4685},{"File":4005},{"WebCam":616},{"Culling":32},{"Terrain":11442},{"Wind":24},{"STL":40},{"String":10224},{"StaticString":3808},{"Utility":2673431},{"Curl":48},{"PoolAlloc":2216},{"AI":80},{"TypeTree":17269},{"CodeReload":448},{"RuntimeInitializeOnLoadManager":64},{"Sprites":102},{"SpriteAtlas":120},{"GI":7816},{"Director":8296},{"CloudService":7352},{"WebRequest":11816},{"VR":47114},{"SceneManager":608},{"Video":208},{"LazyScriptCache":32},{"NativeArray":33042880},{"Camera":17},{"Secure":265},{"SerializationCache":1576},{"APIUpdating":10320},{"Subsystems":336},{"VirtualTexturing":57888},{"StaticSafetyDebugInfo":278528},{"Analytics":552},{"Hierarchy":1176},{"UIElements":185192},{"CoreStats":13688},{"Identifiers":6768},{"Gui":315},{"EditorUtility":212037},{"VersionControl":8},{"Undo":931},{"AssetDatabase":4568527},{"AssetImporter":40},{"EditorGi":328},{"UnityConnect":35345},{"Upm":1988},{"UpmDiagnostics":8},{"AssetCompliance":64},{"DrivenProperties":72},{"LocalIPC":211},{"ProfilerEditor":9746},{"CoreBusinessMetrics":3480},{"Windowing":456},{"Licensing":664},{"AssetReference":32},{"IPCStream":32}]}
